PROGRESS {"tag": "M_backtest_gap14", "iter": 1, "total": 8000, "metrics": {"train-rmse": 0.2900386355046378, "valid-rmse": 0.27781274503287373}}
PROGRESS {"tag": "M_backtest_gap14", "iter": 51, "total": 8000, "metrics": {"train-rmse": 0.12412649496478856, "valid-rmse": 0.09930955468965523}}
PROGRESS {"tag": "M_backtest_gap14", "iter": 101, "total": 8000, "metrics": {"train-rmse": 0.11047170506529581, "valid-rmse": 0.09469057651498378}}
PROGRESS {"tag": "M_backtest_gap14", "iter": 151, "total": 8000, "metrics": {"train-rmse": 0.10355464662306278, "valid-rmse": 0.0928818654890011}}
PROGRESS {"tag": "M_backtest_gap14", "iter": 201, "total": 8000, "metrics": {"train-rmse": 0.09941327763009762, "valid-rmse": 0.091898707494036}}
PROGRESS {"tag": "M_backtest_gap14", "iter": 251, "total": 8000, "metrics": {"train-rmse": 0.09680459094857105, "valid-rmse": 0.09072163708445116}}
PROGRESS {"tag": "M_backtest_gap14", "iter": 301, "total": 8000, "metrics": {"train-rmse": 0.09465382969561766, "valid-rmse": 0.09020367964071911}}
PROGRESS {"tag": "M_backtest_gap14", "iter": 351, "total": 8000, "metrics": {"train-rmse": 0.09295745800966791, "valid-rmse": 0.08977825413655287}}
PROGRESS {"tag": "M_backtest_gap14", "iter": 401, "total": 8000, "metrics": {"train-rmse": 0.09154462681977014, "valid-rmse": 0.08946649318871305}}
PROGRESS {"tag": "M_backtest_gap14", "iter": 451, "total": 8000, "metrics": {"train-rmse": 0.09040201512125537, "valid-rmse": 0.08926344820372882}}
PROGRESS {"tag": "M_backtest_gap14", "iter": 501, "total": 8000, "metrics": {"train-rmse": 0.08935236675710342, "valid-rmse": 0.08910186727390183}}
PROGRESS {"tag": "M_backtest_gap14", "iter": 551, "total": 8000, "metrics": {"train-rmse": 0.08843441031178786, "valid-rmse": 0.08888254840413218}}
PROGRESS {"tag": "M_backtest_gap14", "iter": 601, "total": 8000, "metrics": {"train-rmse": 0.087632616877444, "valid-rmse": 0.0887113182758203}}
PROGRESS {"tag": "M_backtest_gap14", "iter": 651, "total": 8000, "metrics": {"train-rmse": 0.08683247261058923, "valid-rmse": 0.0886807635541884}}
PROGRESS {"tag": "M_backtest_gap14", "iter": 701, "total": 8000, "metrics": {"train-rmse": 0.08609357551805874, "valid-rmse": 0.08854951965414366}}
PROGRESS {"tag": "M_backtest_gap14", "iter": 751, "total": 8000, "metrics": {"train-rmse": 0.08544912050034914, "valid-rmse": 0.08840863462563528}}
PROGRESS {"tag": "M_backtest_gap14", "iter": 801, "total": 8000, "metrics": {"train-rmse": 0.0848436050209924, "valid-rmse": 0.08816436352871546}}
PROGRESS {"tag": "M_backtest_gap14", "iter": 851, "total": 8000, "metrics": {"train-rmse": 0.0842882698846504, "valid-rmse": 0.08811534121297376}}
PROGRESS {"tag": "M_backtest_gap14", "iter": 901, "total": 8000, "metrics": {"train-rmse": 0.08369605441879965, "valid-rmse": 0.0880603767303475}}
PROGRESS {"tag": "M_backtest_gap14", "iter": 951, "total": 8000, "metrics": {"train-rmse": 0.0831984705352109, "valid-rmse": 0.08798802863599547}}
PROGRESS {"tag": "M_backtest_gap14", "iter": 1001, "total": 8000, "metrics": {"train-rmse": 0.08271282393501747, "valid-rmse": 0.08785529370882147}}
PROGRESS {"tag": "M_backtest_gap14", "iter": 1051, "total": 8000, "metrics": {"train-rmse": 0.08223806823589759, "valid-rmse": 0.08782963525189383}}
PROGRESS {"tag": "M_backtest_gap14", "iter": 1101, "total": 8000, "metrics": {"train-rmse": 0.08180906623442949, "valid-rmse": 0.08783514690900737}}
PROGRESS {"tag": "M_backtest_gap14", "iter": 1151, "total": 8000, "metrics": {"train-rmse": 0.08138995084241293, "valid-rmse": 0.08777370486635326}}
PROGRESS {"tag": "M_backtest_gap14", "iter": 1201, "total": 8000, "metrics": {"train-rmse": 0.08096456727047825, "valid-rmse": 0.08774100082009682}}
PROGRESS {"tag": "M_backtest_gap14", "iter": 1251, "total": 8000, "metrics": {"train-rmse": 0.080579926999099, "valid-rmse": 0.08767885337178537}}
PROGRESS {"tag": "M_backtest_gap14", "iter": 1301, "total": 8000, "metrics": {"train-rmse": 0.0802039116752196, "valid-rmse": 0.0875144909669717}}
PROGRESS {"tag": "M_backtest_gap14", "iter": 1351, "total": 8000, "metrics": {"train-rmse": 0.07982841540831151, "valid-rmse": 0.08750692719338414}}
PROGRESS {"tag": "M_backtest_gap14", "iter": 1401, "total": 8000, "metrics": {"train-rmse": 0.07945584016941766, "valid-rmse": 0.08759439770907931}}
PROGRESS {"tag": "M_backtest_gap14", "iter": 1451, "total": 8000, "metrics": {"train-rmse": 0.07911936322088947, "valid-rmse": 0.08753918537436613}}
PROGRESS {"tag": "M_backtest_gap14", "iter": 1501, "total": 8000, "metrics": {"train-rmse": 0.07876606580601464, "valid-rmse": 0.0874991811092673}}
PROGRESS {"tag": "M_backtest_gap14", "iter": 1551, "total": 8000, "metrics": {"train-rmse": 0.07843423193494312, "valid-rmse": 0.08741163341653319}}
PROGRESS {"tag": "M_backtest_gap14", "iter": 1601, "total": 8000, "metrics": {"train-rmse": 0.07810440338817404, "valid-rmse": 0.0874117372836502}}
PROGRESS {"tag": "M_backtest_gap14", "iter": 1651, "total": 8000, "metrics": {"train-rmse": 0.077774742477787, "valid-rmse": 0.08741014750004586}}
PROGRESS {"tag": "M_backtest_gap14", "iter": 1701, "total": 8000, "metrics": {"train-rmse": 0.07747239786779013, "valid-rmse": 0.08737920080690652}}
PROGRESS {"tag": "M_backtest_gap14", "iter": 1751, "total": 8000, "metrics": {"train-rmse": 0.07717151118533147, "valid-rmse": 0.08739157173146983}}
PROGRESS {"tag": "M_backtest_gap14", "iter": 1801, "total": 8000, "metrics": {"train-rmse": 0.076866110409825, "valid-rmse": 0.08738650332514633}}
PROGRESS {"tag": "M_backtest_gap14", "iter": 1851, "total": 8000, "metrics": {"train-rmse": 0.07658957438632324, "valid-rmse": 0.08735391441946505}}
PROGRESS {"tag": "M_backtest_gap14", "iter": 1901, "total": 8000, "metrics": {"train-rmse": 0.07630373978023024, "valid-rmse": 0.08733477740641285}}
PROGRESS {"tag": "M_backtest_gap14", "iter": 1951, "total": 8000, "metrics": {"train-rmse": 0.07602648422200156, "valid-rmse": 0.0873216821756257}}
PROGRESS {"tag": "M_backtest_gap14", "iter": 2001, "total": 8000, "metrics": {"train-rmse": 0.07575809329475677, "valid-rmse": 0.08739262033081598}}
PROGRESS {"tag": "M_backtest_gap14", "iter": 2051, "total": 8000, "metrics": {"train-rmse": 0.0754731642712172, "valid-rmse": 0.08740017100059316}}
PROGRESS {"tag": "M_backtest_gap14", "iter": 2101, "total": 8000, "metrics": {"train-rmse": 0.07520472861593877, "valid-rmse": 0.08735351206150992}}
PROGRESS {"tag": "M_backtest_gap14", "iter": 2151, "total": 8000, "metrics": {"train-rmse": 0.07494345842742745, "valid-rmse": 0.08734828777833685}}
DONE {"tag": "M_backtest_gap14", "best_iteration": 1964, "best_score": 0.0873053500105875, "seconds": 239.8}
WORKER_DONE {"device": "cuda:1", "jobs": 1}
PROGRESS {"tag": "M_backtest_gap28", "iter": 1, "total": 8000, "metrics": {"train-rmse": 0.2971341218249928, "valid-rmse": 0.2723673935826662}}
PROGRESS {"tag": "M_backtest_gap28", "iter": 51, "total": 8000, "metrics": {"train-rmse": 0.13059987372297074, "valid-rmse": 0.10000677777234418}}
PROGRESS {"tag": "M_backtest_gap28", "iter": 101, "total": 8000, "metrics": {"train-rmse": 0.11355384652843153, "valid-rmse": 0.0956356962981896}}
PROGRESS {"tag": "M_backtest_gap28", "iter": 151, "total": 8000, "metrics": {"train-rmse": 0.1055043061663108, "valid-rmse": 0.09409548654442308}}
PROGRESS {"tag": "M_backtest_gap28", "iter": 201, "total": 8000, "metrics": {"train-rmse": 0.10129856803584038, "valid-rmse": 0.09323953691910727}}
PROGRESS {"tag": "M_backtest_gap28", "iter": 251, "total": 8000, "metrics": {"train-rmse": 0.09843993656696931, "valid-rmse": 0.09291324201566514}}
PROGRESS {"tag": "M_backtest_gap28", "iter": 301, "total": 8000, "metrics": {"train-rmse": 0.09617642562935343, "valid-rmse": 0.09249602201923238}}
PROGRESS {"tag": "M_backtest_gap28", "iter": 351, "total": 8000, "metrics": {"train-rmse": 0.09441204313122302, "valid-rmse": 0.09213196232038327}}
PROGRESS {"tag": "M_backtest_gap28", "iter": 401, "total": 8000, "metrics": {"train-rmse": 0.09290131044940064, "valid-rmse": 0.09164722033618002}}
PROGRESS {"tag": "M_backtest_gap28", "iter": 451, "total": 8000, "metrics": {"train-rmse": 0.09160683928544906, "valid-rmse": 0.09141173427155104}}
PROGRESS {"tag": "M_backtest_gap28", "iter": 501, "total": 8000, "metrics": {"train-rmse": 0.09040715673234706, "valid-rmse": 0.09122579003297071}}
PROGRESS {"tag": "M_backtest_gap28", "iter": 551, "total": 8000, "metrics": {"train-rmse": 0.08938108066726741, "valid-rmse": 0.09093058300205653}}
PROGRESS {"tag": "M_backtest_gap28", "iter": 601, "total": 8000, "metrics": {"train-rmse": 0.08847348817337493, "valid-rmse": 0.09079859576810966}}
PROGRESS {"tag": "M_backtest_gap28", "iter": 651, "total": 8000, "metrics": {"train-rmse": 0.08763859010159604, "valid-rmse": 0.09050754081630424}}
PROGRESS {"tag": "M_backtest_gap28", "iter": 701, "total": 8000, "metrics": {"train-rmse": 0.08688516848483509, "valid-rmse": 0.09053401967406882}}
PROGRESS {"tag": "M_backtest_gap28", "iter": 751, "total": 8000, "metrics": {"train-rmse": 0.08618477405599727, "valid-rmse": 0.09045008519725534}}
PROGRESS {"tag": "M_backtest_gap28", "iter": 801, "total": 8000, "metrics": {"train-rmse": 0.08550758330071229, "valid-rmse": 0.09035928617332609}}
PROGRESS {"tag": "M_backtest_gap28", "iter": 851, "total": 8000, "metrics": {"train-rmse": 0.08491679785608552, "valid-rmse": 0.09033624039854779}}
PROGRESS {"tag": "M_backtest_gap28", "iter": 901, "total": 8000, "metrics": {"train-rmse": 0.08430923156687976, "valid-rmse": 0.09027280138165719}}
PROGRESS {"tag": "M_backtest_gap28", "iter": 951, "total": 8000, "metrics": {"train-rmse": 0.08375821001832322, "valid-rmse": 0.0902128839338904}}
PROGRESS {"tag": "M_backtest_gap28", "iter": 1001, "total": 8000, "metrics": {"train-rmse": 0.08324198967330519, "valid-rmse": 0.09019185208828533}}
PROGRESS {"tag": "M_backtest_gap28", "iter": 1051, "total": 8000, "metrics": {"train-rmse": 0.08271643162951767, "valid-rmse": 0.09023147452595566}}
PROGRESS {"tag": "M_backtest_gap28", "iter": 1101, "total": 8000, "metrics": {"train-rmse": 0.08224757964032835, "valid-rmse": 0.09011557616136494}}
PROGRESS {"tag": "M_backtest_gap28", "iter": 1151, "total": 8000, "metrics": {"train-rmse": 0.08181581309721978, "valid-rmse": 0.09013817576227272}}
PROGRESS {"tag": "M_backtest_gap28", "iter": 1201, "total": 8000, "metrics": {"train-rmse": 0.08134480606959563, "valid-rmse": 0.09013515111110713}}
PROGRESS {"tag": "M_backtest_gap28", "iter": 1251, "total": 8000, "metrics": {"train-rmse": 0.0809403073772798, "valid-rmse": 0.09007293044246774}}
PROGRESS {"tag": "M_backtest_gap28", "iter": 1301, "total": 8000, "metrics": {"train-rmse": 0.08055619524485096, "valid-rmse": 0.09000519939871146}}
PROGRESS {"tag": "M_backtest_gap28", "iter": 1351, "total": 8000, "metrics": {"train-rmse": 0.08017831586321385, "valid-rmse": 0.08999906411365087}}
PROGRESS {"tag": "M_backtest_gap28", "iter": 1401, "total": 8000, "metrics": {"train-rmse": 0.0798345544135761, "valid-rmse": 0.09006387569874792}}
PROGRESS {"tag": "M_backtest_gap28", "iter": 1451, "total": 8000, "metrics": {"train-rmse": 0.07949042465847522, "valid-rmse": 0.09004334336647844}}
PROGRESS {"tag": "M_backtest_gap28", "iter": 1501, "total": 8000, "metrics": {"train-rmse": 0.07913761120526817, "valid-rmse": 0.09005584705434262}}
PROGRESS {"tag": "M_backtest_gap28", "iter": 1551, "total": 8000, "metrics": {"train-rmse": 0.07878724790075163, "valid-rmse": 0.08998396570057328}}
PROGRESS {"tag": "M_backtest_gap28", "iter": 1601, "total": 8000, "metrics": {"train-rmse": 0.07843634253422652, "valid-rmse": 0.09005006051977768}}
PROGRESS {"tag": "M_backtest_gap28", "iter": 1651, "total": 8000, "metrics": {"train-rmse": 0.07812189468019472, "valid-rmse": 0.09005553218383518}}
PROGRESS {"tag": "M_backtest_gap28", "iter": 1701, "total": 8000, "metrics": {"train-rmse": 0.07782834702419565, "valid-rmse": 0.09008222152713015}}
PROGRESS {"tag": "M_backtest_gap28", "iter": 1751, "total": 8000, "metrics": {"train-rmse": 0.07750953376335855, "valid-rmse": 0.08998780925800384}}
PROGRESS {"tag": "M_backtest_gap28", "iter": 1801, "total": 8000, "metrics": {"train-rmse": 0.0772192982362789, "valid-rmse": 0.08994204251417837}}
PROGRESS {"tag": "M_backtest_gap28", "iter": 1851, "total": 8000, "metrics": {"train-rmse": 0.07693926342057604, "valid-rmse": 0.08988828853140558}}
PROGRESS {"tag": "M_backtest_gap28", "iter": 1901, "total": 8000, "metrics": {"train-rmse": 0.07661367303334071, "valid-rmse": 0.08998078126813581}}
PROGRESS {"tag": "M_backtest_gap28", "iter": 1951, "total": 8000, "metrics": {"train-rmse": 0.07633781150694996, "valid-rmse": 0.08999725421070873}}
PROGRESS {"tag": "M_backtest_gap28", "iter": 2001, "total": 8000, "metrics": {"train-rmse": 0.07604146364957229, "valid-rmse": 0.08992781861548918}}
PROGRESS {"tag": "M_backtest_gap28", "iter": 2051, "total": 8000, "metrics": {"train-rmse": 0.07575168738021601, "valid-rmse": 0.08990664782582318}}
PROGRESS {"tag": "M_backtest_gap28", "iter": 2101, "total": 8000, "metrics": {"train-rmse": 0.07544973253822732, "valid-rmse": 0.08990670552853346}}
PROGRESS {"tag": "M_backtest_gap28", "iter": 2151, "total": 8000, "metrics": {"train-rmse": 0.0751864327462557, "valid-rmse": 0.08991127760263112}}
PROGRESS {"tag": "M_backtest_gap28", "iter": 2201, "total": 8000, "metrics": {"train-rmse": 0.07492757169767715, "valid-rmse": 0.0899136204296393}}
DONE {"tag": "M_backtest_gap28", "best_iteration": 2034, "best_score": 0.08987789677906162, "seconds": 234.6}
WORKER_DONE {"device": "cuda:1", "jobs": 1}
PROGRESS {"tag": "K_backtest_gap42", "iter": 0, "total": 8000, "metrics": {}}
PROGRESS {"tag": "K_backtest_gap42", "iter": 1814, "total": 8000, "metrics": {"valid-rmse": 0.09430021823368469}}
DONE {"tag": "K_backtest_gap42", "best_iteration": 1813, "best_score": 0.09430021823368469, "seconds": 510.8}
WORKER_DONE {"device": "cuda:1", "jobs": 1}
PROGRESS {"tag": "M_backtest_gap7_alt", "iter": 1, "total": 8000, "metrics": {"train-rmse": 0.2846981343188513, "valid-rmse": 0.26849669418282374}}
PROGRESS {"tag": "M_backtest_gap7_alt", "iter": 51, "total": 8000, "metrics": {"train-rmse": 0.11436372468426013, "valid-rmse": 0.0973764197947876}}
PROGRESS {"tag": "M_backtest_gap7_alt", "iter": 101, "total": 8000, "metrics": {"train-rmse": 0.10225129656579744, "valid-rmse": 0.09279733166273464}}
PROGRESS {"tag": "M_backtest_gap7_alt", "iter": 151, "total": 8000, "metrics": {"train-rmse": 0.09542312562880155, "valid-rmse": 0.09087049459316762}}
PROGRESS {"tag": "M_backtest_gap7_alt", "iter": 201, "total": 8000, "metrics": {"train-rmse": 0.09171892622347652, "valid-rmse": 0.09019019348666937}}
PROGRESS {"tag": "M_backtest_gap7_alt", "iter": 251, "total": 8000, "metrics": {"train-rmse": 0.08911436953846011, "valid-rmse": 0.08959820353281933}}
PROGRESS {"tag": "M_backtest_gap7_alt", "iter": 301, "total": 8000, "metrics": {"train-rmse": 0.08711146200211992, "valid-rmse": 0.08940218197043506}}
PROGRESS {"tag": "M_backtest_gap7_alt", "iter": 351, "total": 8000, "metrics": {"train-rmse": 0.08539761004465583, "valid-rmse": 0.08893646027655099}}
PROGRESS {"tag": "M_backtest_gap7_alt", "iter": 401, "total": 8000, "metrics": {"train-rmse": 0.08399931646999477, "valid-rmse": 0.08864953541526566}}
PROGRESS {"tag": "M_backtest_gap7_alt", "iter": 451, "total": 8000, "metrics": {"train-rmse": 0.0828061113412849, "valid-rmse": 0.08847605888981987}}
PROGRESS {"tag": "M_backtest_gap7_alt", "iter": 501, "total": 8000, "metrics": {"train-rmse": 0.08176280264128175, "valid-rmse": 0.08836182944000115}}
PROGRESS {"tag": "M_backtest_gap7_alt", "iter": 551, "total": 8000, "metrics": {"train-rmse": 0.08075696105605375, "valid-rmse": 0.08832971672655705}}
PROGRESS {"tag": "M_backtest_gap7_alt", "iter": 601, "total": 8000, "metrics": {"train-rmse": 0.0798470458760858, "valid-rmse": 0.08835012327760848}}
PROGRESS {"tag": "M_backtest_gap7_alt", "iter": 651, "total": 8000, "metrics": {"train-rmse": 0.0789472175571973, "valid-rmse": 0.0882758835339826}}
PROGRESS {"tag": "M_backtest_gap7_alt", "iter": 701, "total": 8000, "metrics": {"train-rmse": 0.07818368012477174, "valid-rmse": 0.08827802826302987}}
PROGRESS {"tag": "M_backtest_gap7_alt", "iter": 751, "total": 8000, "metrics": {"train-rmse": 0.07744593422252101, "valid-rmse": 0.08840168949478532}}
PROGRESS {"tag": "M_backtest_gap7_alt", "iter": 801, "total": 8000, "metrics": {"train-rmse": 0.07676053643652331, "valid-rmse": 0.088382406777894}}
PROGRESS {"tag": "M_backtest_gap7_alt", "iter": 851, "total": 8000, "metrics": {"train-rmse": 0.07610013365861572, "valid-rmse": 0.08831280451526653}}
PROGRESS {"tag": "M_backtest_gap7_alt", "iter": 901, "total": 8000, "metrics": {"train-rmse": 0.07546197711135419, "valid-rmse": 0.0881823619116825}}
PROGRESS {"tag": "M_backtest_gap7_alt", "iter": 951, "total": 8000, "metrics": {"train-rmse": 0.07485574489982373, "valid-rmse": 0.08799440079802533}}
PROGRESS {"tag": "M_backtest_gap7_alt", "iter": 1001, "total": 8000, "metrics": {"train-rmse": 0.07427475470535269, "valid-rmse": 0.08787833077655645}}
PROGRESS {"tag": "M_backtest_gap7_alt", "iter": 1051, "total": 8000, "metrics": {"train-rmse": 0.07370051200562634, "valid-rmse": 0.08787065584587168}}
PROGRESS {"tag": "M_backtest_gap7_alt", "iter": 1101, "total": 8000, "metrics": {"train-rmse": 0.0731539176317408, "valid-rmse": 0.08791947418278928}}
PROGRESS {"tag": "M_backtest_gap7_alt", "iter": 1151, "total": 8000, "metrics": {"train-rmse": 0.07264627558158936, "valid-rmse": 0.0879287100916386}}
PROGRESS {"tag": "M_backtest_gap7_alt", "iter": 1201, "total": 8000, "metrics": {"train-rmse": 0.07215593662839528, "valid-rmse": 0.08787949007128194}}
PROGRESS {"tag": "M_backtest_gap7_alt", "iter": 1251, "total": 8000, "metrics": {"train-rmse": 0.0716804794062225, "valid-rmse": 0.0878998180745015}}
PROGRESS {"tag": "M_backtest_gap7_alt", "iter": 1301, "total": 8000, "metrics": {"train-rmse": 0.0712210427792746, "valid-rmse": 0.08790734973415464}}
PROGRESS {"tag": "M_backtest_gap7_alt", "iter": 1351, "total": 8000, "metrics": {"train-rmse": 0.07073786859522767, "valid-rmse": 0.08788931954433898}}
PROGRESS {"tag": "M_backtest_gap7_alt", "iter": 1401, "total": 8000, "metrics": {"train-rmse": 0.0703012760568722, "valid-rmse": 0.08796478261302511}}
DONE {"tag": "M_backtest_gap7_alt", "best_iteration": 1225, "best_score": 0.08783544708367043, "seconds": 518.7}
WORKER_DONE {"device": "cuda:1", "jobs": 1}
PROGRESS {"tag": "M_backtest_gap14_alt", "iter": 1, "total": 8000, "metrics": {"train-rmse": 0.28498965011250305, "valid-rmse": 0.27307090619257934}}
PROGRESS {"tag": "M_backtest_gap14_alt", "iter": 51, "total": 8000, "metrics": {"train-rmse": 0.11765344044333494, "valid-rmse": 0.09889988094114177}}
PROGRESS {"tag": "M_backtest_gap14_alt", "iter": 101, "total": 8000, "metrics": {"train-rmse": 0.10369384964865276, "valid-rmse": 0.09430499818010388}}
PROGRESS {"tag": "M_backtest_gap14_alt", "iter": 151, "total": 8000, "metrics": {"train-rmse": 0.09650286896251487, "valid-rmse": 0.09243580332953413}}
PROGRESS {"tag": "M_backtest_gap14_alt", "iter": 201, "total": 8000, "metrics": {"train-rmse": 0.09265543247870565, "valid-rmse": 0.09148845775309608}}
PROGRESS {"tag": "M_backtest_gap14_alt", "iter": 251, "total": 8000, "metrics": {"train-rmse": 0.08997499549600575, "valid-rmse": 0.09078686865077619}}
PROGRESS {"tag": "M_backtest_gap14_alt", "iter": 301, "total": 8000, "metrics": {"train-rmse": 0.08784992700616678, "valid-rmse": 0.09022813095165767}}
PROGRESS {"tag": "M_backtest_gap14_alt", "iter": 351, "total": 8000, "metrics": {"train-rmse": 0.08606365219712063, "valid-rmse": 0.08995426371122126}}
PROGRESS {"tag": "M_backtest_gap14_alt", "iter": 401, "total": 8000, "metrics": {"train-rmse": 0.08466202616767338, "valid-rmse": 0.089823602240864}}
PROGRESS {"tag": "M_backtest_gap14_alt", "iter": 451, "total": 8000, "metrics": {"train-rmse": 0.08338964120439199, "valid-rmse": 0.08956813222170802}}
PROGRESS {"tag": "M_backtest_gap14_alt", "iter": 501, "total": 8000, "metrics": {"train-rmse": 0.08226915422760281, "valid-rmse": 0.08944572027321668}}
PROGRESS {"tag": "M_backtest_gap14_alt", "iter": 551, "total": 8000, "metrics": {"train-rmse": 0.08116947775514505, "valid-rmse": 0.08933625637621355}}
PROGRESS {"tag": "M_backtest_gap14_alt", "iter": 601, "total": 8000, "metrics": {"train-rmse": 0.08024402478793609, "valid-rmse": 0.08931946361650425}}
PROGRESS {"tag": "M_backtest_gap14_alt", "iter": 651, "total": 8000, "metrics": {"train-rmse": 0.07932128993416089, "valid-rmse": 0.08919456873684897}}
PROGRESS {"tag": "M_backtest_gap14_alt", "iter": 701, "total": 8000, "metrics": {"train-rmse": 0.07855074511305131, "valid-rmse": 0.08907864021017319}}
PROGRESS {"tag": "M_backtest_gap14_alt", "iter": 751, "total": 8000, "metrics": {"train-rmse": 0.07781317045025851, "valid-rmse": 0.08899770699845357}}
PROGRESS {"tag": "M_backtest_gap14_alt", "iter": 801, "total": 8000, "metrics": {"train-rmse": 0.07711789396970027, "valid-rmse": 0.0889005944048483}}
PROGRESS {"tag": "M_backtest_gap14_alt", "iter": 851, "total": 8000, "metrics": {"train-rmse": 0.07643168957773847, "valid-rmse": 0.08874706392163555}}
PROGRESS {"tag": "M_backtest_gap14_alt", "iter": 901, "total": 8000, "metrics": {"train-rmse": 0.07574378310949638, "valid-rmse": 0.08864097065708902}}
PROGRESS {"tag": "M_backtest_gap14_alt", "iter": 951, "total": 8000, "metrics": {"train-rmse": 0.0751407717870293, "valid-rmse": 0.08863030811755016}}
PROGRESS {"tag": "M_backtest_gap14_alt", "iter": 1001, "total": 8000, "metrics": {"train-rmse": 0.07457522875450132, "valid-rmse": 0.0886211902277151}}
PROGRESS {"tag": "M_backtest_gap14_alt", "iter": 1051, "total": 8000, "metrics": {"train-rmse": 0.0739787205196236, "valid-rmse": 0.08862462169542724}}
PROGRESS {"tag": "M_backtest_gap14_alt", "iter": 1101, "total": 8000, "metrics": {"train-rmse": 0.07343471486125223, "valid-rmse": 0.08863638693247812}}
PROGRESS {"tag": "M_backtest_gap14_alt", "iter": 1151, "total": 8000, "metrics": {"train-rmse": 0.07292135081310107, "valid-rmse": 0.08860852532640012}}
PROGRESS {"tag": "M_backtest_gap14_alt", "iter": 1201, "total": 8000, "metrics": {"train-rmse": 0.0724211876476728, "valid-rmse": 0.08851319835721351}}
PROGRESS {"tag": "M_backtest_gap14_alt", "iter": 1251, "total": 8000, "metrics": {"train-rmse": 0.07193398539155615, "valid-rmse": 0.08847015654103611}}
PROGRESS {"tag": "M_backtest_gap14_alt", "iter": 1301, "total": 8000, "metrics": {"train-rmse": 0.07145680240072542, "valid-rmse": 0.08847670052718423}}
PROGRESS {"tag": "M_backtest_gap14_alt", "iter": 1351, "total": 8000, "metrics": {"train-rmse": 0.07096797775776945, "valid-rmse": 0.0884501642234931}}
PROGRESS {"tag": "M_backtest_gap14_alt", "iter": 1401, "total": 8000, "metrics": {"train-rmse": 0.0705304616569203, "valid-rmse": 0.08844435486837172}}
PROGRESS {"tag": "M_backtest_gap14_alt", "iter": 1451, "total": 8000, "metrics": {"train-rmse": 0.07009001248651546, "valid-rmse": 0.08842536786572482}}
PROGRESS {"tag": "M_backtest_gap14_alt", "iter": 1501, "total": 8000, "metrics": {"train-rmse": 0.069651244779221, "valid-rmse": 0.08839634837225509}}
PROGRESS {"tag": "M_backtest_gap14_alt", "iter": 1551, "total": 8000, "metrics": {"train-rmse": 0.06921459631626609, "valid-rmse": 0.08843326888825091}}
PROGRESS {"tag": "M_backtest_gap14_alt", "iter": 1601, "total": 8000, "metrics": {"train-rmse": 0.06879653764507071, "valid-rmse": 0.08844543240909879}}
PROGRESS {"tag": "M_backtest_gap14_alt", "iter": 1651, "total": 8000, "metrics": {"train-rmse": 0.06837776651025593, "valid-rmse": 0.0884561746169339}}
DONE {"tag": "M_backtest_gap14_alt", "best_iteration": 1495, "best_score": 0.08839155412633373, "seconds": 649.1}
WORKER_DONE {"device": "cuda:1", "jobs": 1}
PROGRESS {"tag": "M_backtest_gap35_alt", "iter": 1, "total": 8000, "metrics": {"train-rmse": 0.2969395540406933, "valid-rmse": 0.2735793764464535}}
PROGRESS {"tag": "M_backtest_gap35_alt", "iter": 51, "total": 8000, "metrics": {"train-rmse": 0.1229431879899602, "valid-rmse": 0.10029651066012214}}
PROGRESS {"tag": "M_backtest_gap35_alt", "iter": 101, "total": 8000, "metrics": {"train-rmse": 0.10498161462621348, "valid-rmse": 0.09544286163547895}}
PROGRESS {"tag": "M_backtest_gap35_alt", "iter": 151, "total": 8000, "metrics": {"train-rmse": 0.09761255228821271, "valid-rmse": 0.0937302626394359}}
PROGRESS {"tag": "M_backtest_gap35_alt", "iter": 201, "total": 8000, "metrics": {"train-rmse": 0.09348723217009879, "valid-rmse": 0.09296641188576894}}
PROGRESS {"tag": "M_backtest_gap35_alt", "iter": 251, "total": 8000, "metrics": {"train-rmse": 0.09062298795834407, "valid-rmse": 0.0923312976175184}}
PROGRESS {"tag": "M_backtest_gap35_alt", "iter": 301, "total": 8000, "metrics": {"train-rmse": 0.08836381395414188, "valid-rmse": 0.09192561919875805}}
PROGRESS {"tag": "M_backtest_gap35_alt", "iter": 351, "total": 8000, "metrics": {"train-rmse": 0.08649724261170794, "valid-rmse": 0.09151539073953482}}
PROGRESS {"tag": "M_backtest_gap35_alt", "iter": 401, "total": 8000, "metrics": {"train-rmse": 0.08499405960289046, "valid-rmse": 0.09117323059174119}}
PROGRESS {"tag": "M_backtest_gap35_alt", "iter": 451, "total": 8000, "metrics": {"train-rmse": 0.08365528183582584, "valid-rmse": 0.09102112092957505}}
PROGRESS {"tag": "M_backtest_gap35_alt", "iter": 501, "total": 8000, "metrics": {"train-rmse": 0.08244908195574474, "valid-rmse": 0.09088894670100586}}
PROGRESS {"tag": "M_backtest_gap35_alt", "iter": 551, "total": 8000, "metrics": {"train-rmse": 0.08128962234815312, "valid-rmse": 0.09068521070293752}}
PROGRESS {"tag": "M_backtest_gap35_alt", "iter": 601, "total": 8000, "metrics": {"train-rmse": 0.08030392265017827, "valid-rmse": 0.09044277425755594}}
PROGRESS {"tag": "M_backtest_gap35_alt", "iter": 651, "total": 8000, "metrics": {"train-rmse": 0.0794426781074782, "valid-rmse": 0.09037085705412858}}
PROGRESS {"tag": "M_backtest_gap35_alt", "iter": 701, "total": 8000, "metrics": {"train-rmse": 0.07863415156931859, "valid-rmse": 0.0902407711832711}}
PROGRESS {"tag": "M_backtest_gap35_alt", "iter": 751, "total": 8000, "metrics": {"train-rmse": 0.07786433769117246, "valid-rmse": 0.09025967961617241}}
PROGRESS {"tag": "M_backtest_gap35_alt", "iter": 801, "total": 8000, "metrics": {"train-rmse": 0.07713434778490799, "valid-rmse": 0.09020435989252225}}
PROGRESS {"tag": "M_backtest_gap35_alt", "iter": 851, "total": 8000, "metrics": {"train-rmse": 0.07647046043778416, "valid-rmse": 0.09018947662885428}}
PROGRESS {"tag": "M_backtest_gap35_alt", "iter": 901, "total": 8000, "metrics": {"train-rmse": 0.07579948155373833, "valid-rmse": 0.09018013675290855}}
PROGRESS {"tag": "M_backtest_gap35_alt", "iter": 951, "total": 8000, "metrics": {"train-rmse": 0.07519639119051012, "valid-rmse": 0.09012654137579729}}
PROGRESS {"tag": "M_backtest_gap35_alt", "iter": 1001, "total": 8000, "metrics": {"train-rmse": 0.07458990455775465, "valid-rmse": 0.09005042413833274}}
PROGRESS {"tag": "M_backtest_gap35_alt", "iter": 1051, "total": 8000, "metrics": {"train-rmse": 0.0739935940088934, "valid-rmse": 0.09012034558497181}}
PROGRESS {"tag": "M_backtest_gap35_alt", "iter": 1101, "total": 8000, "metrics": {"train-rmse": 0.07345397087341865, "valid-rmse": 0.0902548441745507}}
PROGRESS {"tag": "M_backtest_gap35_alt", "iter": 1151, "total": 8000, "metrics": {"train-rmse": 0.07291612622733241, "valid-rmse": 0.09025781706323456}}
PROGRESS {"tag": "M_backtest_gap35_alt", "iter": 1201, "total": 8000, "metrics": {"train-rmse": 0.0723962100823402, "valid-rmse": 0.09017411409971283}}
DONE {"tag": "M_backtest_gap35_alt", "best_iteration": 1011, "best_score": 0.09002687494879469, "seconds": 460.6}
WORKER_DONE {"device": "cuda:1", "jobs": 1}
PROGRESS {"tag": "M_backtest_gap42_alt", "iter": 1, "total": 8000, "metrics": {"train-rmse": 0.29684182367721823, "valid-rmse": 0.27447534371188187}}
PROGRESS {"tag": "M_backtest_gap42_alt", "iter": 51, "total": 8000, "metrics": {"train-rmse": 0.12314841006614635, "valid-rmse": 0.1019701666982084}}
PROGRESS {"tag": "M_backtest_gap42_alt", "iter": 101, "total": 8000, "metrics": {"train-rmse": 0.10489598715336879, "valid-rmse": 0.09598151852078643}}
PROGRESS {"tag": "M_backtest_gap42_alt", "iter": 151, "total": 8000, "metrics": {"train-rmse": 0.09773312551644109, "valid-rmse": 0.09428521634865009}}
PROGRESS {"tag": "M_backtest_gap42_alt", "iter": 201, "total": 8000, "metrics": {"train-rmse": 0.09350973190855437, "valid-rmse": 0.09328056219922334}}
PROGRESS {"tag": "M_backtest_gap42_alt", "iter": 251, "total": 8000, "metrics": {"train-rmse": 0.09073966880614642, "valid-rmse": 0.09246819488232157}}
PROGRESS {"tag": "M_backtest_gap42_alt", "iter": 301, "total": 8000, "metrics": {"train-rmse": 0.08825227892797077, "valid-rmse": 0.09191026042313909}}
PROGRESS {"tag": "M_backtest_gap42_alt", "iter": 351, "total": 8000, "metrics": {"train-rmse": 0.08638413058744775, "valid-rmse": 0.09172898950594105}}
PROGRESS {"tag": "M_backtest_gap42_alt", "iter": 401, "total": 8000, "metrics": {"train-rmse": 0.08490961328820122, "valid-rmse": 0.09140903856951858}}
PROGRESS {"tag": "M_backtest_gap42_alt", "iter": 451, "total": 8000, "metrics": {"train-rmse": 0.08356840491014775, "valid-rmse": 0.09111452227141428}}
PROGRESS {"tag": "M_backtest_gap42_alt", "iter": 501, "total": 8000, "metrics": {"train-rmse": 0.08237775337373753, "valid-rmse": 0.09091602696881083}}
PROGRESS {"tag": "M_backtest_gap42_alt", "iter": 551, "total": 8000, "metrics": {"train-rmse": 0.08127058781020687, "valid-rmse": 0.09074018821821447}}
PROGRESS {"tag": "M_backtest_gap42_alt", "iter": 601, "total": 8000, "metrics": {"train-rmse": 0.08033609001407448, "valid-rmse": 0.09065739662876503}}
PROGRESS {"tag": "M_backtest_gap42_alt", "iter": 651, "total": 8000, "metrics": {"train-rmse": 0.07947909224771939, "valid-rmse": 0.09057970507570873}}
PROGRESS {"tag": "M_backtest_gap42_alt", "iter": 701, "total": 8000, "metrics": {"train-rmse": 0.07865727590725684, "valid-rmse": 0.09046995059076103}}
PROGRESS {"tag": "M_backtest_gap42_alt", "iter": 751, "total": 8000, "metrics": {"train-rmse": 0.07791879973146157, "valid-rmse": 0.09037450429583686}}
PROGRESS {"tag": "M_backtest_gap42_alt", "iter": 801, "total": 8000, "metrics": {"train-rmse": 0.0772056879029022, "valid-rmse": 0.09024128973435208}}
PROGRESS {"tag": "M_backtest_gap42_alt", "iter": 851, "total": 8000, "metrics": {"train-rmse": 0.07654063008793381, "valid-rmse": 0.09024404247216841}}
PROGRESS {"tag": "M_backtest_gap42_alt", "iter": 901, "total": 8000, "metrics": {"train-rmse": 0.07588302543392231, "valid-rmse": 0.09023099236350483}}
PROGRESS {"tag": "M_backtest_gap42_alt", "iter": 951, "total": 8000, "metrics": {"train-rmse": 0.07526980584379982, "valid-rmse": 0.09019873563718356}}
PROGRESS {"tag": "M_backtest_gap42_alt", "iter": 1001, "total": 8000, "metrics": {"train-rmse": 0.07467936246420408, "valid-rmse": 0.09012883979942299}}
PROGRESS {"tag": "M_backtest_gap42_alt", "iter": 1051, "total": 8000, "metrics": {"train-rmse": 0.07408548512467585, "valid-rmse": 0.09001655403633366}}
PROGRESS {"tag": "M_backtest_gap42_alt", "iter": 1101, "total": 8000, "metrics": {"train-rmse": 0.07352756345675739, "valid-rmse": 0.08999456146995023}}
PROGRESS {"tag": "M_backtest_gap42_alt", "iter": 1151, "total": 8000, "metrics": {"train-rmse": 0.07299788043997577, "valid-rmse": 0.08997114616789974}}
PROGRESS {"tag": "M_backtest_gap42_alt", "iter": 1201, "total": 8000, "metrics": {"train-rmse": 0.07247621452986289, "valid-rmse": 0.09005013361543933}}
PROGRESS {"tag": "M_backtest_gap42_alt", "iter": 1251, "total": 8000, "metrics": {"train-rmse": 0.07197647623308473, "valid-rmse": 0.08987630800649846}}
PROGRESS {"tag": "M_backtest_gap42_alt", "iter": 1301, "total": 8000, "metrics": {"train-rmse": 0.07151680711435057, "valid-rmse": 0.08989698207491348}}
PROGRESS {"tag": "M_backtest_gap42_alt", "iter": 1351, "total": 8000, "metrics": {"train-rmse": 0.07103003329337053, "valid-rmse": 0.08988952479245377}}
PROGRESS {"tag": "M_backtest_gap42_alt", "iter": 1401, "total": 8000, "metrics": {"train-rmse": 0.07057444859594134, "valid-rmse": 0.08988688530120668}}
PROGRESS {"tag": "M_backtest_gap42_alt", "iter": 1451, "total": 8000, "metrics": {"train-rmse": 0.0701350911622559, "valid-rmse": 0.08986168561148536}}
PROGRESS {"tag": "M_backtest_gap42_alt", "iter": 1501, "total": 8000, "metrics": {"train-rmse": 0.06967955318709887, "valid-rmse": 0.08991456870465167}}
PROGRESS {"tag": "M_backtest_gap42_alt", "iter": 1551, "total": 8000, "metrics": {"train-rmse": 0.06926050999036529, "valid-rmse": 0.08982180952348519}}
PROGRESS {"tag": "M_backtest_gap42_alt", "iter": 1601, "total": 8000, "metrics": {"train-rmse": 0.06884415151556157, "valid-rmse": 0.08982538561305652}}
PROGRESS {"tag": "M_backtest_gap42_alt", "iter": 1651, "total": 8000, "metrics": {"train-rmse": 0.06841979692806963, "valid-rmse": 0.08981847265525139}}
PROGRESS {"tag": "M_backtest_gap42_alt", "iter": 1701, "total": 8000, "metrics": {"train-rmse": 0.06803683568213577, "valid-rmse": 0.08981537476937308}}
PROGRESS {"tag": "M_backtest_gap42_alt", "iter": 1751, "total": 8000, "metrics": {"train-rmse": 0.06764808952637195, "valid-rmse": 0.08982550834573337}}
PROGRESS {"tag": "M_backtest_gap42_alt", "iter": 1801, "total": 8000, "metrics": {"train-rmse": 0.0672593081574388, "valid-rmse": 0.08977526142890477}}
PROGRESS {"tag": "M_backtest_gap42_alt", "iter": 1851, "total": 8000, "metrics": {"train-rmse": 0.06689321406834255, "valid-rmse": 0.08983027706239571}}
PROGRESS {"tag": "M_backtest_gap42_alt", "iter": 1901, "total": 8000, "metrics": {"train-rmse": 0.0665174920293659, "valid-rmse": 0.08980385920498299}}
PROGRESS {"tag": "M_backtest_gap42_alt", "iter": 1951, "total": 8000, "metrics": {"train-rmse": 0.06616428721541578, "valid-rmse": 0.08971834575371858}}
PROGRESS {"tag": "M_backtest_gap42_alt", "iter": 2001, "total": 8000, "metrics": {"train-rmse": 0.06580005100878418, "valid-rmse": 0.08971723899388542}}
PROGRESS {"tag": "M_backtest_gap42_alt", "iter": 2051, "total": 8000, "metrics": {"train-rmse": 0.06545003932837302, "valid-rmse": 0.08973248152793263}}
PROGRESS {"tag": "M_backtest_gap42_alt", "iter": 2101, "total": 8000, "metrics": {"train-rmse": 0.06511887014443951, "valid-rmse": 0.08967728538081222}}
PROGRESS {"tag": "M_backtest_gap42_alt", "iter": 2151, "total": 8000, "metrics": {"train-rmse": 0.06478245514614407, "valid-rmse": 0.08967078082912933}}
PROGRESS {"tag": "M_backtest_gap42_alt", "iter": 2201, "total": 8000, "metrics": {"train-rmse": 0.06445552002433107, "valid-rmse": 0.08966538930347562}}
PROGRESS {"tag": "M_backtest_gap42_alt", "iter": 2251, "total": 8000, "metrics": {"train-rmse": 0.06411417461288542, "valid-rmse": 0.08968407776366047}}
PROGRESS {"tag": "M_backtest_gap42_alt", "iter": 2301, "total": 8000, "metrics": {"train-rmse": 0.0637622828842047, "valid-rmse": 0.08969395945624317}}
PROGRESS {"tag": "M_backtest_gap42_alt", "iter": 2351, "total": 8000, "metrics": {"train-rmse": 0.06341388866814424, "valid-rmse": 0.08967742322517917}}
DONE {"tag": "M_backtest_gap42_alt", "best_iteration": 2163, "best_score": 0.08964465604367514, "seconds": 459.8}
WORKER_DONE {"device": "cuda:1", "jobs": 1}
PROGRESS {"tag": "P_final", "iter": 1, "total": 2769, "metrics": {"train-rmse": 0.3732659245440401}}
PROGRESS {"tag": "P_final", "iter": 51, "total": 2769, "metrics": {"train-rmse": 0.16399415319716354}}
PROGRESS {"tag": "P_final", "iter": 101, "total": 2769, "metrics": {"train-rmse": 0.12749878823487115}}
PROGRESS {"tag": "P_final", "iter": 151, "total": 2769, "metrics": {"train-rmse": 0.11386574096356787}}
PROGRESS {"tag": "P_final", "iter": 201, "total": 2769, "metrics": {"train-rmse": 0.10630986806280347}}
PROGRESS {"tag": "P_final", "iter": 251, "total": 2769, "metrics": {"train-rmse": 0.10215937243340177}}
PROGRESS {"tag": "P_final", "iter": 301, "total": 2769, "metrics": {"train-rmse": 0.09828201178388865}}
PROGRESS {"tag": "P_final", "iter": 351, "total": 2769, "metrics": {"train-rmse": 0.09622629564883847}}
PROGRESS {"tag": "P_final", "iter": 401, "total": 2769, "metrics": {"train-rmse": 0.09454546889137577}}
PROGRESS {"tag": "P_final", "iter": 451, "total": 2769, "metrics": {"train-rmse": 0.09310366948146677}}
PROGRESS {"tag": "P_final", "iter": 501, "total": 2769, "metrics": {"train-rmse": 0.09196794465544048}}
PROGRESS {"tag": "P_final", "iter": 551, "total": 2769, "metrics": {"train-rmse": 0.09100657629707633}}
PROGRESS {"tag": "P_final", "iter": 601, "total": 2769, "metrics": {"train-rmse": 0.09007665653108915}}
PROGRESS {"tag": "P_final", "iter": 651, "total": 2769, "metrics": {"train-rmse": 0.08921092060685544}}
PROGRESS {"tag": "P_final", "iter": 701, "total": 2769, "metrics": {"train-rmse": 0.08838180496362942}}
PROGRESS {"tag": "P_final", "iter": 751, "total": 2769, "metrics": {"train-rmse": 0.08766582420404323}}
PROGRESS {"tag": "P_final", "iter": 801, "total": 2769, "metrics": {"train-rmse": 0.08698348916529026}}
PROGRESS {"tag": "P_final", "iter": 851, "total": 2769, "metrics": {"train-rmse": 0.0863439917232583}}
PROGRESS {"tag": "P_final", "iter": 901, "total": 2769, "metrics": {"train-rmse": 0.08575540147170187}}
PROGRESS {"tag": "P_final", "iter": 951, "total": 2769, "metrics": {"train-rmse": 0.08522763423688864}}
PROGRESS {"tag": "P_final", "iter": 1001, "total": 2769, "metrics": {"train-rmse": 0.08466521522239241}}
PROGRESS {"tag": "P_final", "iter": 1051, "total": 2769, "metrics": {"train-rmse": 0.08415929158564049}}
PROGRESS {"tag": "P_final", "iter": 1101, "total": 2769, "metrics": {"train-rmse": 0.0836756911609824}}
PROGRESS {"tag": "P_final", "iter": 1151, "total": 2769, "metrics": {"train-rmse": 0.08322392445760694}}
PROGRESS {"tag": "P_final", "iter": 1201, "total": 2769, "metrics": {"train-rmse": 0.08280726706675634}}
PROGRESS {"tag": "P_final", "iter": 1251, "total": 2769, "metrics": {"train-rmse": 0.08236945136129038}}
PROGRESS {"tag": "P_final", "iter": 1301, "total": 2769, "metrics": {"train-rmse": 0.0819574587202735}}
PROGRESS {"tag": "P_final", "iter": 1351, "total": 2769, "metrics": {"train-rmse": 0.08155011797036314}}
PROGRESS {"tag": "P_final", "iter": 1401, "total": 2769, "metrics": {"train-rmse": 0.08116972922618776}}
PROGRESS {"tag": "P_final", "iter": 1451, "total": 2769, "metrics": {"train-rmse": 0.08080380630780493}}
PROGRESS {"tag": "P_final", "iter": 1501, "total": 2769, "metrics": {"train-rmse": 0.08043825540807638}}
PROGRESS {"tag": "P_final", "iter": 1551, "total": 2769, "metrics": {"train-rmse": 0.08010610463392388}}
PROGRESS {"tag": "P_final", "iter": 1601, "total": 2769, "metrics": {"train-rmse": 0.07979250511952504}}
PROGRESS {"tag": "P_final", "iter": 1651, "total": 2769, "metrics": {"train-rmse": 0.07947063678688716}}
PROGRESS {"tag": "P_final", "iter": 1701, "total": 2769, "metrics": {"train-rmse": 0.07916018639211195}}
PROGRESS {"tag": "P_final", "iter": 1751, "total": 2769, "metrics": {"train-rmse": 0.07886967889484103}}
PROGRESS {"tag": "P_final", "iter": 1801, "total": 2769, "metrics": {"train-rmse": 0.07857157907990135}}
PROGRESS {"tag": "P_final", "iter": 1851, "total": 2769, "metrics": {"train-rmse": 0.07825585703179717}}
PROGRESS {"tag": "P_final", "iter": 1901, "total": 2769, "metrics": {"train-rmse": 0.0779744255077808}}
PROGRESS {"tag": "P_final", "iter": 1951, "total": 2769, "metrics": {"train-rmse": 0.07770350351311071}}
PROGRESS {"tag": "P_final", "iter": 2001, "total": 2769, "metrics": {"train-rmse": 0.07742701538584226}}
PROGRESS {"tag": "P_final", "iter": 2051, "total": 2769, "metrics": {"train-rmse": 0.07716384564159928}}
PROGRESS {"tag": "P_final", "iter": 2101, "total": 2769, "metrics": {"train-rmse": 0.07689980630933974}}
PROGRESS {"tag": "P_final", "iter": 2151, "total": 2769, "metrics": {"train-rmse": 0.07664904583727443}}
PROGRESS {"tag": "P_final", "iter": 2201, "total": 2769, "metrics": {"train-rmse": 0.0764018911664653}}
PROGRESS {"tag": "P_final", "iter": 2251, "total": 2769, "metrics": {"train-rmse": 0.07617746922234654}}
PROGRESS {"tag": "P_final", "iter": 2301, "total": 2769, "metrics": {"train-rmse": 0.07594068902605332}}
PROGRESS {"tag": "P_final", "iter": 2351, "total": 2769, "metrics": {"train-rmse": 0.07570209961132136}}
PROGRESS {"tag": "P_final", "iter": 2401, "total": 2769, "metrics": {"train-rmse": 0.07547828205259875}}
PROGRESS {"tag": "P_final", "iter": 2451, "total": 2769, "metrics": {"train-rmse": 0.07526179657232214}}
PROGRESS {"tag": "P_final", "iter": 2501, "total": 2769, "metrics": {"train-rmse": 0.07504133693496781}}
PROGRESS {"tag": "P_final", "iter": 2551, "total": 2769, "metrics": {"train-rmse": 0.07482668232271976}}
PROGRESS {"tag": "P_final", "iter": 2601, "total": 2769, "metrics": {"train-rmse": 0.07461458439107599}}
PROGRESS {"tag": "P_final", "iter": 2651, "total": 2769, "metrics": {"train-rmse": 0.07440960589624003}}
PROGRESS {"tag": "P_final", "iter": 2701, "total": 2769, "metrics": {"train-rmse": 0.07420838978312429}}
PROGRESS {"tag": "P_final", "iter": 2751, "total": 2769, "metrics": {"train-rmse": 0.07401062816449122}}
PROGRESS {"tag": "P_final", "iter": 2769, "total": 2769, "metrics": {"train-rmse": 0.07393300380855215}}
DONE {"tag": "P_final", "best_iteration": 2768, "best_score": NaN, "seconds": 303.9}
WORKER_DONE {"device": "cuda:1", "jobs": 1}
PROGRESS {"tag": "K_final_gap14", "iter": 0, "total": 1747, "metrics": {}}
PROGRESS {"tag": "K_final_gap14", "iter": 1747, "total": 1747, "metrics": {}}
DONE {"tag": "K_final_gap14", "best_iteration": 1746, "best_score": NaN, "seconds": 400.8}
WORKER_DONE {"device": "cuda:1", "jobs": 1}
PROGRESS {"tag": "M_final_gap42", "iter": 1, "total": 2583, "metrics": {"train-rmse": 0.29837346682328675}}
PROGRESS {"tag": "M_final_gap42", "iter": 51, "total": 2583, "metrics": {"train-rmse": 0.13281119579985584}}
PROGRESS {"tag": "M_final_gap42", "iter": 101, "total": 2583, "metrics": {"train-rmse": 0.11387183339138857}}
PROGRESS {"tag": "M_final_gap42", "iter": 151, "total": 2583, "metrics": {"train-rmse": 0.10589000416202583}}
PROGRESS {"tag": "M_final_gap42", "iter": 201, "total": 2583, "metrics": {"train-rmse": 0.10140735150320988}}
PROGRESS {"tag": "M_final_gap42", "iter": 251, "total": 2583, "metrics": {"train-rmse": 0.09847161256098158}}
PROGRESS {"tag": "M_final_gap42", "iter": 301, "total": 2583, "metrics": {"train-rmse": 0.09603603604030199}}
PROGRESS {"tag": "M_final_gap42", "iter": 351, "total": 2583, "metrics": {"train-rmse": 0.09421525811207965}}
PROGRESS {"tag": "M_final_gap42", "iter": 401, "total": 2583, "metrics": {"train-rmse": 0.09262740383719673}}
PROGRESS {"tag": "M_final_gap42", "iter": 451, "total": 2583, "metrics": {"train-rmse": 0.09124958786663823}}
PROGRESS {"tag": "M_final_gap42", "iter": 501, "total": 2583, "metrics": {"train-rmse": 0.0900764809406313}}
PROGRESS {"tag": "M_final_gap42", "iter": 551, "total": 2583, "metrics": {"train-rmse": 0.08909533138113813}}
PROGRESS {"tag": "M_final_gap42", "iter": 601, "total": 2583, "metrics": {"train-rmse": 0.08820296656737071}}
PROGRESS {"tag": "M_final_gap42", "iter": 651, "total": 2583, "metrics": {"train-rmse": 0.0874070546691218}}
PROGRESS {"tag": "M_final_gap42", "iter": 701, "total": 2583, "metrics": {"train-rmse": 0.08668471545292952}}
PROGRESS {"tag": "M_final_gap42", "iter": 751, "total": 2583, "metrics": {"train-rmse": 0.08598147634174964}}
PROGRESS {"tag": "M_final_gap42", "iter": 801, "total": 2583, "metrics": {"train-rmse": 0.08524210820478041}}
PROGRESS {"tag": "M_final_gap42", "iter": 851, "total": 2583, "metrics": {"train-rmse": 0.08464824819632068}}
PROGRESS {"tag": "M_final_gap42", "iter": 901, "total": 2583, "metrics": {"train-rmse": 0.08403729197995899}}
PROGRESS {"tag": "M_final_gap42", "iter": 951, "total": 2583, "metrics": {"train-rmse": 0.08351997809417447}}
PROGRESS {"tag": "M_final_gap42", "iter": 1001, "total": 2583, "metrics": {"train-rmse": 0.08294003301424499}}
PROGRESS {"tag": "M_final_gap42", "iter": 1051, "total": 2583, "metrics": {"train-rmse": 0.08239233008058433}}
PROGRESS {"tag": "M_final_gap42", "iter": 1101, "total": 2583, "metrics": {"train-rmse": 0.081937173740139}}
PROGRESS {"tag": "M_final_gap42", "iter": 1151, "total": 2583, "metrics": {"train-rmse": 0.0815131390329275}}
PROGRESS {"tag": "M_final_gap42", "iter": 1201, "total": 2583, "metrics": {"train-rmse": 0.08110361028789093}}
PROGRESS {"tag": "M_final_gap42", "iter": 1251, "total": 2583, "metrics": {"train-rmse": 0.08070362534971016}}
PROGRESS {"tag": "M_final_gap42", "iter": 1301, "total": 2583, "metrics": {"train-rmse": 0.080309981703297}}
PROGRESS {"tag": "M_final_gap42", "iter": 1351, "total": 2583, "metrics": {"train-rmse": 0.07993141887834425}}
PROGRESS {"tag": "M_final_gap42", "iter": 1401, "total": 2583, "metrics": {"train-rmse": 0.07956246688303385}}
PROGRESS {"tag": "M_final_gap42", "iter": 1451, "total": 2583, "metrics": {"train-rmse": 0.07920146263318041}}
PROGRESS {"tag": "M_final_gap42", "iter": 1501, "total": 2583, "metrics": {"train-rmse": 0.07885542070840096}}
PROGRESS {"tag": "M_final_gap42", "iter": 1551, "total": 2583, "metrics": {"train-rmse": 0.07851046831615077}}
PROGRESS {"tag": "M_final_gap42", "iter": 1601, "total": 2583, "metrics": {"train-rmse": 0.07815902413683723}}
PROGRESS {"tag": "M_final_gap42", "iter": 1651, "total": 2583, "metrics": {"train-rmse": 0.07783101677404086}}
PROGRESS {"tag": "M_final_gap42", "iter": 1701, "total": 2583, "metrics": {"train-rmse": 0.07749484122958063}}
PROGRESS {"tag": "M_final_gap42", "iter": 1751, "total": 2583, "metrics": {"train-rmse": 0.07720081129643212}}
PROGRESS {"tag": "M_final_gap42", "iter": 1801, "total": 2583, "metrics": {"train-rmse": 0.07689088500790446}}
PROGRESS {"tag": "M_final_gap42", "iter": 1851, "total": 2583, "metrics": {"train-rmse": 0.07659876783224205}}
PROGRESS {"tag": "M_final_gap42", "iter": 1901, "total": 2583, "metrics": {"train-rmse": 0.07631540807099098}}
PROGRESS {"tag": "M_final_gap42", "iter": 1951, "total": 2583, "metrics": {"train-rmse": 0.07604648171013696}}
PROGRESS {"tag": "M_final_gap42", "iter": 2001, "total": 2583, "metrics": {"train-rmse": 0.07576847278792179}}
PROGRESS {"tag": "M_final_gap42", "iter": 2051, "total": 2583, "metrics": {"train-rmse": 0.07550921743517433}}
PROGRESS {"tag": "M_final_gap42", "iter": 2101, "total": 2583, "metrics": {"train-rmse": 0.07526100170946538}}
PROGRESS {"tag": "M_final_gap42", "iter": 2151, "total": 2583, "metrics": {"train-rmse": 0.07501125262392476}}
PROGRESS {"tag": "M_final_gap42", "iter": 2201, "total": 2583, "metrics": {"train-rmse": 0.07477981021127988}}
PROGRESS {"tag": "M_final_gap42", "iter": 2251, "total": 2583, "metrics": {"train-rmse": 0.07452026061037048}}
PROGRESS {"tag": "M_final_gap42", "iter": 2301, "total": 2583, "metrics": {"train-rmse": 0.0742649078492859}}
PROGRESS {"tag": "M_final_gap42", "iter": 2351, "total": 2583, "metrics": {"train-rmse": 0.07400988331827499}}
PROGRESS {"tag": "M_final_gap42", "iter": 2401, "total": 2583, "metrics": {"train-rmse": 0.07378256252641295}}
PROGRESS {"tag": "M_final_gap42", "iter": 2451, "total": 2583, "metrics": {"train-rmse": 0.07355352262243674}}
PROGRESS {"tag": "M_final_gap42", "iter": 2501, "total": 2583, "metrics": {"train-rmse": 0.07332870912584076}}
PROGRESS {"tag": "M_final_gap42", "iter": 2551, "total": 2583, "metrics": {"train-rmse": 0.0730895443685177}}
PROGRESS {"tag": "M_final_gap42", "iter": 2583, "total": 2583, "metrics": {"train-rmse": 0.07295526313537762}}
DONE {"tag": "M_final_gap42", "best_iteration": 2582, "best_score": NaN, "seconds": 440.2}
WORKER_DONE {"device": "cuda:1", "jobs": 1}
PROGRESS {"tag": "M_final_gap35", "iter": 1, "total": 2496, "metrics": {"train-rmse": 0.29881279006579003}}
PROGRESS {"tag": "M_final_gap35", "iter": 51, "total": 2496, "metrics": {"train-rmse": 0.1315130842844431}}
PROGRESS {"tag": "M_final_gap35", "iter": 101, "total": 2496, "metrics": {"train-rmse": 0.11355586183240121}}
PROGRESS {"tag": "M_final_gap35", "iter": 151, "total": 2496, "metrics": {"train-rmse": 0.10575659094417228}}
PROGRESS {"tag": "M_final_gap35", "iter": 201, "total": 2496, "metrics": {"train-rmse": 0.10136601428132445}}
PROGRESS {"tag": "M_final_gap35", "iter": 251, "total": 2496, "metrics": {"train-rmse": 0.09845633257705007}}
PROGRESS {"tag": "M_final_gap35", "iter": 301, "total": 2496, "metrics": {"train-rmse": 0.0960821539133645}}
PROGRESS {"tag": "M_final_gap35", "iter": 351, "total": 2496, "metrics": {"train-rmse": 0.0941970149050489}}
PROGRESS {"tag": "M_final_gap35", "iter": 401, "total": 2496, "metrics": {"train-rmse": 0.09266732630451362}}
PROGRESS {"tag": "M_final_gap35", "iter": 451, "total": 2496, "metrics": {"train-rmse": 0.09135850577589961}}
PROGRESS {"tag": "M_final_gap35", "iter": 501, "total": 2496, "metrics": {"train-rmse": 0.0901128191960946}}
PROGRESS {"tag": "M_final_gap35", "iter": 551, "total": 2496, "metrics": {"train-rmse": 0.08909454769888549}}
PROGRESS {"tag": "M_final_gap35", "iter": 601, "total": 2496, "metrics": {"train-rmse": 0.08820714381957398}}
PROGRESS {"tag": "M_final_gap35", "iter": 651, "total": 2496, "metrics": {"train-rmse": 0.08735382997450805}}
PROGRESS {"tag": "M_final_gap35", "iter": 701, "total": 2496, "metrics": {"train-rmse": 0.0865913207928673}}
PROGRESS {"tag": "M_final_gap35", "iter": 751, "total": 2496, "metrics": {"train-rmse": 0.08588894298869201}}
PROGRESS {"tag": "M_final_gap35", "iter": 801, "total": 2496, "metrics": {"train-rmse": 0.08521028855869332}}
PROGRESS {"tag": "M_final_gap35", "iter": 851, "total": 2496, "metrics": {"train-rmse": 0.08458927464467068}}
PROGRESS {"tag": "M_final_gap35", "iter": 901, "total": 2496, "metrics": {"train-rmse": 0.08397133810037223}}
PROGRESS {"tag": "M_final_gap35", "iter": 951, "total": 2496, "metrics": {"train-rmse": 0.08344462785722676}}
PROGRESS {"tag": "M_final_gap35", "iter": 1001, "total": 2496, "metrics": {"train-rmse": 0.0828975378376458}}
PROGRESS {"tag": "M_final_gap35", "iter": 1051, "total": 2496, "metrics": {"train-rmse": 0.08239666403248239}}
PROGRESS {"tag": "M_final_gap35", "iter": 1101, "total": 2496, "metrics": {"train-rmse": 0.08190434453241856}}
PROGRESS {"tag": "M_final_gap35", "iter": 1151, "total": 2496, "metrics": {"train-rmse": 0.08147132683415895}}
PROGRESS {"tag": "M_final_gap35", "iter": 1201, "total": 2496, "metrics": {"train-rmse": 0.08107285262829184}}
PROGRESS {"tag": "M_final_gap35", "iter": 1251, "total": 2496, "metrics": {"train-rmse": 0.08067036839946097}}
PROGRESS {"tag": "M_final_gap35", "iter": 1301, "total": 2496, "metrics": {"train-rmse": 0.08029149700365351}}
PROGRESS {"tag": "M_final_gap35", "iter": 1351, "total": 2496, "metrics": {"train-rmse": 0.07991690999196319}}
PROGRESS {"tag": "M_final_gap35", "iter": 1401, "total": 2496, "metrics": {"train-rmse": 0.07953581805565739}}
PROGRESS {"tag": "M_final_gap35", "iter": 1451, "total": 2496, "metrics": {"train-rmse": 0.07918100988867408}}
PROGRESS {"tag": "M_final_gap35", "iter": 1501, "total": 2496, "metrics": {"train-rmse": 0.07883928949129755}}
PROGRESS {"tag": "M_final_gap35", "iter": 1551, "total": 2496, "metrics": {"train-rmse": 0.07850143811924686}}
PROGRESS {"tag": "M_final_gap35", "iter": 1601, "total": 2496, "metrics": {"train-rmse": 0.07815435336437636}}
PROGRESS {"tag": "M_final_gap35", "iter": 1651, "total": 2496, "metrics": {"train-rmse": 0.07781954094660512}}
PROGRESS {"tag": "M_final_gap35", "iter": 1701, "total": 2496, "metrics": {"train-rmse": 0.07750998651213692}}
PROGRESS {"tag": "M_final_gap35", "iter": 1751, "total": 2496, "metrics": {"train-rmse": 0.07719361371745447}}
PROGRESS {"tag": "M_final_gap35", "iter": 1801, "total": 2496, "metrics": {"train-rmse": 0.07688799629096107}}
PROGRESS {"tag": "M_final_gap35", "iter": 1851, "total": 2496, "metrics": {"train-rmse": 0.07659912222982908}}
PROGRESS {"tag": "M_final_gap35", "iter": 1901, "total": 2496, "metrics": {"train-rmse": 0.07630988837757573}}
PROGRESS {"tag": "M_final_gap35", "iter": 1951, "total": 2496, "metrics": {"train-rmse": 0.07603984287838918}}
PROGRESS {"tag": "M_final_gap35", "iter": 2001, "total": 2496, "metrics": {"train-rmse": 0.07577390310847107}}
PROGRESS {"tag": "M_final_gap35", "iter": 2051, "total": 2496, "metrics": {"train-rmse": 0.0754992700589463}}
PROGRESS {"tag": "M_final_gap35", "iter": 2101, "total": 2496, "metrics": {"train-rmse": 0.07522320814551231}}
PROGRESS {"tag": "M_final_gap35", "iter": 2151, "total": 2496, "metrics": {"train-rmse": 0.07496005017162641}}
PROGRESS {"tag": "M_final_gap35", "iter": 2201, "total": 2496, "metrics": {"train-rmse": 0.07470567090186851}}
PROGRESS {"tag": "M_final_gap35", "iter": 2251, "total": 2496, "metrics": {"train-rmse": 0.0744410214223486}}
PROGRESS {"tag": "M_final_gap35", "iter": 2301, "total": 2496, "metrics": {"train-rmse": 0.07419767025997209}}
PROGRESS {"tag": "M_final_gap35", "iter": 2351, "total": 2496, "metrics": {"train-rmse": 0.07395612978580775}}
PROGRESS {"tag": "M_final_gap35", "iter": 2401, "total": 2496, "metrics": {"train-rmse": 0.07372263952208807}}
PROGRESS {"tag": "M_final_gap35", "iter": 2451, "total": 2496, "metrics": {"train-rmse": 0.07349355118743178}}
PROGRESS {"tag": "M_final_gap35", "iter": 2496, "total": 2496, "metrics": {"train-rmse": 0.07328693534807809}}
DONE {"tag": "M_final_gap35", "best_iteration": 2495, "best_score": NaN, "seconds": 491.8}
WORKER_DONE {"device": "cuda:1", "jobs": 1}
PROGRESS {"tag": "M_valid_gap35", "iter": 1, "total": 2269, "metrics": {"train-rmse": 0.2988862879857363, "valid-rmse": 0.26248492754150604}}
PROGRESS {"tag": "M_valid_gap35", "iter": 51, "total": 2269, "metrics": {"train-rmse": 0.13265549999966356, "valid-rmse": 0.10796580741516063}}
PROGRESS {"tag": "M_valid_gap35", "iter": 101, "total": 2269, "metrics": {"train-rmse": 0.11405406016218302, "valid-rmse": 0.1022669087724131}}
PROGRESS {"tag": "M_valid_gap35", "iter": 151, "total": 2269, "metrics": {"train-rmse": 0.10602372781619325, "valid-rmse": 0.1005406602385802}}
PROGRESS {"tag": "M_valid_gap35", "iter": 201, "total": 2269, "metrics": {"train-rmse": 0.10160613767851227, "valid-rmse": 0.09937982277639594}}
PROGRESS {"tag": "M_valid_gap35", "iter": 251, "total": 2269, "metrics": {"train-rmse": 0.0984892544358114, "valid-rmse": 0.09829991969379735}}
PROGRESS {"tag": "M_valid_gap35", "iter": 301, "total": 2269, "metrics": {"train-rmse": 0.09629875941261547, "valid-rmse": 0.09771357089720022}}
PROGRESS {"tag": "M_valid_gap35", "iter": 351, "total": 2269, "metrics": {"train-rmse": 0.09438962203771688, "valid-rmse": 0.09725106133254738}}
PROGRESS {"tag": "M_valid_gap35", "iter": 401, "total": 2269, "metrics": {"train-rmse": 0.09286132704436123, "valid-rmse": 0.09772015626595525}}
PROGRESS {"tag": "M_valid_gap35", "iter": 451, "total": 2269, "metrics": {"train-rmse": 0.09155221818377075, "valid-rmse": 0.09788871629105791}}
PROGRESS {"tag": "M_valid_gap35", "iter": 501, "total": 2269, "metrics": {"train-rmse": 0.09039173064481833, "valid-rmse": 0.09784699746873551}}
PROGRESS {"tag": "M_valid_gap35", "iter": 551, "total": 2269, "metrics": {"train-rmse": 0.08935164269941386, "valid-rmse": 0.0979565248199171}}
PROGRESS {"tag": "M_valid_gap35", "iter": 601, "total": 2269, "metrics": {"train-rmse": 0.08842061066149089, "valid-rmse": 0.09788750128977115}}
PROGRESS {"tag": "M_valid_gap35", "iter": 651, "total": 2269, "metrics": {"train-rmse": 0.08755836978310351, "valid-rmse": 0.09772472720113082}}
PROGRESS {"tag": "M_valid_gap35", "iter": 701, "total": 2269, "metrics": {"train-rmse": 0.08683554652451558, "valid-rmse": 0.09772675448648725}}
PROGRESS {"tag": "M_valid_gap35", "iter": 751, "total": 2269, "metrics": {"train-rmse": 0.08611078526530294, "valid-rmse": 0.09763595570911782}}
PROGRESS {"tag": "M_valid_gap35", "iter": 801, "total": 2269, "metrics": {"train-rmse": 0.08540539643504932, "valid-rmse": 0.0976552736015626}}
PROGRESS {"tag": "M_valid_gap35", "iter": 851, "total": 2269, "metrics": {"train-rmse": 0.08478568691641442, "valid-rmse": 0.09766483988372367}}
PROGRESS {"tag": "M_valid_gap35", "iter": 901, "total": 2269, "metrics": {"train-rmse": 0.08416701040603185, "valid-rmse": 0.09762662814219908}}
PROGRESS {"tag": "M_valid_gap35", "iter": 951, "total": 2269, "metrics": {"train-rmse": 0.08362133599595796, "valid-rmse": 0.09758426142647124}}
PROGRESS {"tag": "M_valid_gap35", "iter": 1001, "total": 2269, "metrics": {"train-rmse": 0.08310867360523716, "valid-rmse": 0.09753308878017951}}
PROGRESS {"tag": "M_valid_gap35", "iter": 1051, "total": 2269, "metrics": {"train-rmse": 0.0826433949987566, "valid-rmse": 0.09743191659544059}}
PROGRESS {"tag": "M_valid_gap35", "iter": 1101, "total": 2269, "metrics": {"train-rmse": 0.08216503406648717, "valid-rmse": 0.0974508637381531}}
PROGRESS {"tag": "M_valid_gap35", "iter": 1151, "total": 2269, "metrics": {"train-rmse": 0.08172742526193039, "valid-rmse": 0.09750840498665173}}
PROGRESS {"tag": "M_valid_gap35", "iter": 1201, "total": 2269, "metrics": {"train-rmse": 0.0813141653251919, "valid-rmse": 0.09749344246032957}}
PROGRESS {"tag": "M_valid_gap35", "iter": 1251, "total": 2269, "metrics": {"train-rmse": 0.08089689193619454, "valid-rmse": 0.09752688905779397}}
PROGRESS {"tag": "M_valid_gap35", "iter": 1301, "total": 2269, "metrics": {"train-rmse": 0.08048386315472769, "valid-rmse": 0.09758269896119111}}
PROGRESS {"tag": "M_valid_gap35", "iter": 1351, "total": 2269, "metrics": {"train-rmse": 0.08009390093446798, "valid-rmse": 0.09756309623260104}}
PROGRESS {"tag": "M_valid_gap35", "iter": 1401, "total": 2269, "metrics": {"train-rmse": 0.0796973047784758, "valid-rmse": 0.09758356769733931}}
PROGRESS {"tag": "M_valid_gap35", "iter": 1451, "total": 2269, "metrics": {"train-rmse": 0.07931678760496652, "valid-rmse": 0.09757114824889111}}
PROGRESS {"tag": "M_valid_gap35", "iter": 1501, "total": 2269, "metrics": {"train-rmse": 0.07896455938333308, "valid-rmse": 0.09770151320650731}}
PROGRESS {"tag": "M_valid_gap35", "iter": 1551, "total": 2269, "metrics": {"train-rmse": 0.07860530907428889, "valid-rmse": 0.09763800464279129}}
PROGRESS {"tag": "M_valid_gap35", "iter": 1601, "total": 2269, "metrics": {"train-rmse": 0.07827016593592262, "valid-rmse": 0.09767397698156645}}
PROGRESS {"tag": "M_valid_gap35", "iter": 1651, "total": 2269, "metrics": {"train-rmse": 0.07792412361636777, "valid-rmse": 0.09761071172865114}}
PROGRESS {"tag": "M_valid_gap35", "iter": 1701, "total": 2269, "metrics": {"train-rmse": 0.07760070137910742, "valid-rmse": 0.09762295838264948}}
PROGRESS {"tag": "M_valid_gap35", "iter": 1751, "total": 2269, "metrics": {"train-rmse": 0.07728957106693761, "valid-rmse": 0.09752411209733348}}
PROGRESS {"tag": "M_valid_gap35", "iter": 1801, "total": 2269, "metrics": {"train-rmse": 0.07698879707354991, "valid-rmse": 0.09751844420062968}}
PROGRESS {"tag": "M_valid_gap35", "iter": 1851, "total": 2269, "metrics": {"train-rmse": 0.07670445909747751, "valid-rmse": 0.0976117404624698}}
PROGRESS {"tag": "M_valid_gap35", "iter": 1901, "total": 2269, "metrics": {"train-rmse": 0.0764191578004104, "valid-rmse": 0.0975766704985344}}
PROGRESS {"tag": "M_valid_gap35", "iter": 1951, "total": 2269, "metrics": {"train-rmse": 0.07610331604187248, "valid-rmse": 0.09756497904129713}}
PROGRESS {"tag": "M_valid_gap35", "iter": 2001, "total": 2269, "metrics": {"train-rmse": 0.07582877274124537, "valid-rmse": 0.09759292425038488}}
PROGRESS {"tag": "M_valid_gap35", "iter": 2051, "total": 2269, "metrics": {"train-rmse": 0.07555457040901713, "valid-rmse": 0.09758973939189715}}
PROGRESS {"tag": "M_valid_gap35", "iter": 2101, "total": 2269, "metrics": {"train-rmse": 0.07528361151988881, "valid-rmse": 0.09757176765542712}}
PROGRESS {"tag": "M_valid_gap35", "iter": 2151, "total": 2269, "metrics": {"train-rmse": 0.07502310651728823, "valid-rmse": 0.09758441534894177}}
PROGRESS {"tag": "M_valid_gap35", "iter": 2201, "total": 2269, "metrics": {"train-rmse": 0.07473145239144514, "valid-rmse": 0.0977649762604838}}
PROGRESS {"tag": "M_valid_gap35", "iter": 2251, "total": 2269, "metrics": {"train-rmse": 0.07447168609198074, "valid-rmse": 0.09776828213250507}}
PROGRESS {"tag": "M_valid_gap35", "iter": 2269, "total": 2269, "metrics": {"train-rmse": 0.07438230939663124, "valid-rmse": 0.09777818060670304}}
DONE {"tag": "M_valid_gap35", "best_iteration": 2268, "best_score": NaN, "seconds": 447.2}
WORKER_DONE {"device": "cuda:1", "jobs": 1}
PROGRESS {"tag": "M_final_gap14", "iter": 1, "total": 2162, "metrics": {"train-rmse": 0.2891567945181806}}
PROGRESS {"tag": "M_final_gap14", "iter": 51, "total": 2162, "metrics": {"train-rmse": 0.12309154825589426}}
PROGRESS {"tag": "M_final_gap14", "iter": 101, "total": 2162, "metrics": {"train-rmse": 0.10992427755502447}}
PROGRESS {"tag": "M_final_gap14", "iter": 151, "total": 2162, "metrics": {"train-rmse": 0.10292266460695294}}
PROGRESS {"tag": "M_final_gap14", "iter": 201, "total": 2162, "metrics": {"train-rmse": 0.09877479653882143}}
PROGRESS {"tag": "M_final_gap14", "iter": 251, "total": 2162, "metrics": {"train-rmse": 0.09616209554629603}}
PROGRESS {"tag": "M_final_gap14", "iter": 301, "total": 2162, "metrics": {"train-rmse": 0.09416920572419943}}
PROGRESS {"tag": "M_final_gap14", "iter": 351, "total": 2162, "metrics": {"train-rmse": 0.09254517466317864}}
PROGRESS {"tag": "M_final_gap14", "iter": 401, "total": 2162, "metrics": {"train-rmse": 0.09113914261664062}}
PROGRESS {"tag": "M_final_gap14", "iter": 451, "total": 2162, "metrics": {"train-rmse": 0.08998277145166686}}
PROGRESS {"tag": "M_final_gap14", "iter": 501, "total": 2162, "metrics": {"train-rmse": 0.0889088887251441}}
PROGRESS {"tag": "M_final_gap14", "iter": 551, "total": 2162, "metrics": {"train-rmse": 0.08800815915584707}}
PROGRESS {"tag": "M_final_gap14", "iter": 601, "total": 2162, "metrics": {"train-rmse": 0.08718871881307064}}
PROGRESS {"tag": "M_final_gap14", "iter": 651, "total": 2162, "metrics": {"train-rmse": 0.08648172375724433}}
PROGRESS {"tag": "M_final_gap14", "iter": 701, "total": 2162, "metrics": {"train-rmse": 0.08582907345194894}}
PROGRESS {"tag": "M_final_gap14", "iter": 751, "total": 2162, "metrics": {"train-rmse": 0.08519033333444094}}
PROGRESS {"tag": "M_final_gap14", "iter": 801, "total": 2162, "metrics": {"train-rmse": 0.08461800911282623}}
PROGRESS {"tag": "M_final_gap14", "iter": 851, "total": 2162, "metrics": {"train-rmse": 0.0840664811460747}}
PROGRESS {"tag": "M_final_gap14", "iter": 901, "total": 2162, "metrics": {"train-rmse": 0.08352185819913314}}
PROGRESS {"tag": "M_final_gap14", "iter": 951, "total": 2162, "metrics": {"train-rmse": 0.08298238670775156}}
PROGRESS {"tag": "M_final_gap14", "iter": 1001, "total": 2162, "metrics": {"train-rmse": 0.08251160124813356}}
PROGRESS {"tag": "M_final_gap14", "iter": 1051, "total": 2162, "metrics": {"train-rmse": 0.08201188664764107}}
PROGRESS {"tag": "M_final_gap14", "iter": 1101, "total": 2162, "metrics": {"train-rmse": 0.08159341090048662}}
PROGRESS {"tag": "M_final_gap14", "iter": 1151, "total": 2162, "metrics": {"train-rmse": 0.08119579157041727}}
PROGRESS {"tag": "M_final_gap14", "iter": 1201, "total": 2162, "metrics": {"train-rmse": 0.08079639631411122}}
PROGRESS {"tag": "M_final_gap14", "iter": 1251, "total": 2162, "metrics": {"train-rmse": 0.08038146591590392}}
PROGRESS {"tag": "M_final_gap14", "iter": 1301, "total": 2162, "metrics": {"train-rmse": 0.08002809987511411}}
PROGRESS {"tag": "M_final_gap14", "iter": 1351, "total": 2162, "metrics": {"train-rmse": 0.07966080427373601}}
PROGRESS {"tag": "M_final_gap14", "iter": 1401, "total": 2162, "metrics": {"train-rmse": 0.07931674992991918}}
PROGRESS {"tag": "M_final_gap14", "iter": 1451, "total": 2162, "metrics": {"train-rmse": 0.07898198593302277}}
PROGRESS {"tag": "M_final_gap14", "iter": 1501, "total": 2162, "metrics": {"train-rmse": 0.07860847505274203}}
PROGRESS {"tag": "M_final_gap14", "iter": 1551, "total": 2162, "metrics": {"train-rmse": 0.07830563233189634}}
PROGRESS {"tag": "M_final_gap14", "iter": 1601, "total": 2162, "metrics": {"train-rmse": 0.0780097860948936}}
PROGRESS {"tag": "M_final_gap14", "iter": 1651, "total": 2162, "metrics": {"train-rmse": 0.07771866480766594}}
PROGRESS {"tag": "M_final_gap14", "iter": 1701, "total": 2162, "metrics": {"train-rmse": 0.07741038662727096}}
PROGRESS {"tag": "M_final_gap14", "iter": 1751, "total": 2162, "metrics": {"train-rmse": 0.07712416706339992}}
PROGRESS {"tag": "M_final_gap14", "iter": 1801, "total": 2162, "metrics": {"train-rmse": 0.07684963661601873}}
PROGRESS {"tag": "M_final_gap14", "iter": 1851, "total": 2162, "metrics": {"train-rmse": 0.07655681152856805}}
PROGRESS {"tag": "M_final_gap14", "iter": 1901, "total": 2162, "metrics": {"train-rmse": 0.0762933268882802}}
PROGRESS {"tag": "M_final_gap14", "iter": 1951, "total": 2162, "metrics": {"train-rmse": 0.07602252082104627}}
PROGRESS {"tag": "M_final_gap14", "iter": 2001, "total": 2162, "metrics": {"train-rmse": 0.07576861147501565}}
PROGRESS {"tag": "M_final_gap14", "iter": 2051, "total": 2162, "metrics": {"train-rmse": 0.07548943664696853}}
PROGRESS {"tag": "M_final_gap14", "iter": 2101, "total": 2162, "metrics": {"train-rmse": 0.07523318213427498}}
PROGRESS {"tag": "M_final_gap14", "iter": 2151, "total": 2162, "metrics": {"train-rmse": 0.07498356929961376}}
PROGRESS {"tag": "M_final_gap14", "iter": 2162, "total": 2162, "metrics": {"train-rmse": 0.07492761298959423}}
DONE {"tag": "M_final_gap14", "best_iteration": 2161, "best_score": NaN, "seconds": 422.1}
WORKER_DONE {"device": "cuda:1", "jobs": 1}
PROGRESS {"tag": "M_final_gap21", "iter": 1, "total": 1980, "metrics": {"train-rmse": 0.2930825756631457}}
PROGRESS {"tag": "M_final_gap21", "iter": 51, "total": 1980, "metrics": {"train-rmse": 0.1268773111630238}}
PROGRESS {"tag": "M_final_gap21", "iter": 101, "total": 1980, "metrics": {"train-rmse": 0.11176971867097743}}
PROGRESS {"tag": "M_final_gap21", "iter": 151, "total": 1980, "metrics": {"train-rmse": 0.10416653213198598}}
PROGRESS {"tag": "M_final_gap21", "iter": 201, "total": 1980, "metrics": {"train-rmse": 0.0999742690323189}}
PROGRESS {"tag": "M_final_gap21", "iter": 251, "total": 1980, "metrics": {"train-rmse": 0.09730452237985647}}
PROGRESS {"tag": "M_final_gap21", "iter": 301, "total": 1980, "metrics": {"train-rmse": 0.09499808318142859}}
PROGRESS {"tag": "M_final_gap21", "iter": 351, "total": 1980, "metrics": {"train-rmse": 0.09325237026462313}}
PROGRESS {"tag": "M_final_gap21", "iter": 401, "total": 1980, "metrics": {"train-rmse": 0.09177743169773196}}
PROGRESS {"tag": "M_final_gap21", "iter": 451, "total": 1980, "metrics": {"train-rmse": 0.09053241716538747}}
PROGRESS {"tag": "M_final_gap21", "iter": 501, "total": 1980, "metrics": {"train-rmse": 0.08943887388786222}}
PROGRESS {"tag": "M_final_gap21", "iter": 551, "total": 1980, "metrics": {"train-rmse": 0.08847321870169869}}
PROGRESS {"tag": "M_final_gap21", "iter": 601, "total": 1980, "metrics": {"train-rmse": 0.08764217897941674}}
PROGRESS {"tag": "M_final_gap21", "iter": 651, "total": 1980, "metrics": {"train-rmse": 0.08688943649941529}}
PROGRESS {"tag": "M_final_gap21", "iter": 701, "total": 1980, "metrics": {"train-rmse": 0.08620648759420332}}
PROGRESS {"tag": "M_final_gap21", "iter": 751, "total": 1980, "metrics": {"train-rmse": 0.08554094859882404}}
PROGRESS {"tag": "M_final_gap21", "iter": 801, "total": 1980, "metrics": {"train-rmse": 0.08489883374386423}}
PROGRESS {"tag": "M_final_gap21", "iter": 851, "total": 1980, "metrics": {"train-rmse": 0.08432380020106504}}
PROGRESS {"tag": "M_final_gap21", "iter": 901, "total": 1980, "metrics": {"train-rmse": 0.08376901026934173}}
PROGRESS {"tag": "M_final_gap21", "iter": 951, "total": 1980, "metrics": {"train-rmse": 0.08323147878241009}}
PROGRESS {"tag": "M_final_gap21", "iter": 1001, "total": 1980, "metrics": {"train-rmse": 0.08272048582045904}}
PROGRESS {"tag": "M_final_gap21", "iter": 1051, "total": 1980, "metrics": {"train-rmse": 0.08224601158996259}}
PROGRESS {"tag": "M_final_gap21", "iter": 1101, "total": 1980, "metrics": {"train-rmse": 0.08182076426175135}}
PROGRESS {"tag": "M_final_gap21", "iter": 1151, "total": 1980, "metrics": {"train-rmse": 0.08139660448981624}}
PROGRESS {"tag": "M_final_gap21", "iter": 1201, "total": 1980, "metrics": {"train-rmse": 0.08098763885603694}}
PROGRESS {"tag": "M_final_gap21", "iter": 1251, "total": 1980, "metrics": {"train-rmse": 0.08055010531316027}}
PROGRESS {"tag": "M_final_gap21", "iter": 1301, "total": 1980, "metrics": {"train-rmse": 0.08014729415110058}}
PROGRESS {"tag": "M_final_gap21", "iter": 1351, "total": 1980, "metrics": {"train-rmse": 0.07975935931436036}}
PROGRESS {"tag": "M_final_gap21", "iter": 1401, "total": 1980, "metrics": {"train-rmse": 0.07940783077055695}}
PROGRESS {"tag": "M_final_gap21", "iter": 1451, "total": 1980, "metrics": {"train-rmse": 0.07905149048903332}}
PROGRESS {"tag": "M_final_gap21", "iter": 1501, "total": 1980, "metrics": {"train-rmse": 0.07872507693164861}}
PROGRESS {"tag": "M_final_gap21", "iter": 1551, "total": 1980, "metrics": {"train-rmse": 0.078378345572092}}
PROGRESS {"tag": "M_final_gap21", "iter": 1601, "total": 1980, "metrics": {"train-rmse": 0.07806050132732541}}
PROGRESS {"tag": "M_final_gap21", "iter": 1651, "total": 1980, "metrics": {"train-rmse": 0.07771547075517962}}
PROGRESS {"tag": "M_final_gap21", "iter": 1701, "total": 1980, "metrics": {"train-rmse": 0.0773899371876775}}
PROGRESS {"tag": "M_final_gap21", "iter": 1751, "total": 1980, "metrics": {"train-rmse": 0.07709647965669268}}
PROGRESS {"tag": "M_final_gap21", "iter": 1801, "total": 1980, "metrics": {"train-rmse": 0.07680211803775346}}
PROGRESS {"tag": "M_final_gap21", "iter": 1851, "total": 1980, "metrics": {"train-rmse": 0.07651505825176362}}
PROGRESS {"tag": "M_final_gap21", "iter": 1901, "total": 1980, "metrics": {"train-rmse": 0.07624216376770508}}
PROGRESS {"tag": "M_final_gap21", "iter": 1951, "total": 1980, "metrics": {"train-rmse": 0.07598647873641408}}
PROGRESS {"tag": "M_final_gap21", "iter": 1980, "total": 1980, "metrics": {"train-rmse": 0.07583928393967247}}
DONE {"tag": "M_final_gap21", "best_iteration": 1979, "best_score": NaN, "seconds": 394.2}
WORKER_DONE {"device": "cuda:1", "jobs": 1}
PROGRESS {"tag": "M_valid_gap21", "iter": 1, "total": 1800, "metrics": {"train-rmse": 0.29438889533341617, "valid-rmse": 0.26031276896946964}}
PROGRESS {"tag": "M_valid_gap21", "iter": 51, "total": 1800, "metrics": {"train-rmse": 0.12744331656204935, "valid-rmse": 0.10376525500808755}}
PROGRESS {"tag": "M_valid_gap21", "iter": 101, "total": 1800, "metrics": {"train-rmse": 0.11206262243916239, "valid-rmse": 0.09932299137632938}}
PROGRESS {"tag": "M_valid_gap21", "iter": 151, "total": 1800, "metrics": {"train-rmse": 0.10449109235459576, "valid-rmse": 0.09680564521934538}}
PROGRESS {"tag": "M_valid_gap21", "iter": 201, "total": 1800, "metrics": {"train-rmse": 0.10030650326544019, "valid-rmse": 0.09538723932994549}}
PROGRESS {"tag": "M_valid_gap21", "iter": 251, "total": 1800, "metrics": {"train-rmse": 0.09756240418183822, "valid-rmse": 0.09482148056550391}}
PROGRESS {"tag": "M_valid_gap21", "iter": 301, "total": 1800, "metrics": {"train-rmse": 0.09545730345563141, "valid-rmse": 0.09438500213895416}}
PROGRESS {"tag": "M_valid_gap21", "iter": 351, "total": 1800, "metrics": {"train-rmse": 0.09368679126371825, "valid-rmse": 0.09415498273508571}}
PROGRESS {"tag": "M_valid_gap21", "iter": 401, "total": 1800, "metrics": {"train-rmse": 0.09223168560464913, "valid-rmse": 0.0939810451331831}}
PROGRESS {"tag": "M_valid_gap21", "iter": 451, "total": 1800, "metrics": {"train-rmse": 0.09095821400970701, "valid-rmse": 0.09382780451334469}}
PROGRESS {"tag": "M_valid_gap21", "iter": 501, "total": 1800, "metrics": {"train-rmse": 0.08985124008416825, "valid-rmse": 0.09353042195911962}}
PROGRESS {"tag": "M_valid_gap21", "iter": 551, "total": 1800, "metrics": {"train-rmse": 0.08889688879778589, "valid-rmse": 0.09380259569502816}}
PROGRESS {"tag": "M_valid_gap21", "iter": 601, "total": 1800, "metrics": {"train-rmse": 0.08806903010411582, "valid-rmse": 0.09369818979846826}}
PROGRESS {"tag": "M_valid_gap21", "iter": 651, "total": 1800, "metrics": {"train-rmse": 0.08729252234971338, "valid-rmse": 0.09353817364744996}}
PROGRESS {"tag": "M_valid_gap21", "iter": 701, "total": 1800, "metrics": {"train-rmse": 0.08650673575014664, "valid-rmse": 0.09337985754621203}}
PROGRESS {"tag": "M_valid_gap21", "iter": 751, "total": 1800, "metrics": {"train-rmse": 0.08584394580284817, "valid-rmse": 0.09328798414487632}}
PROGRESS {"tag": "M_valid_gap21", "iter": 801, "total": 1800, "metrics": {"train-rmse": 0.08522065972784627, "valid-rmse": 0.0932918208616606}}
PROGRESS {"tag": "M_valid_gap21", "iter": 851, "total": 1800, "metrics": {"train-rmse": 0.08465340059133732, "valid-rmse": 0.09320548589078984}}
PROGRESS {"tag": "M_valid_gap21", "iter": 901, "total": 1800, "metrics": {"train-rmse": 0.08408312579167222, "valid-rmse": 0.093166355453843}}
PROGRESS {"tag": "M_valid_gap21", "iter": 951, "total": 1800, "metrics": {"train-rmse": 0.08353286610988012, "valid-rmse": 0.09313301854740873}}
PROGRESS {"tag": "M_valid_gap21", "iter": 1001, "total": 1800, "metrics": {"train-rmse": 0.08305601517017253, "valid-rmse": 0.09308423670829762}}
PROGRESS {"tag": "M_valid_gap21", "iter": 1051, "total": 1800, "metrics": {"train-rmse": 0.08255662134521875, "valid-rmse": 0.09300290293524294}}
PROGRESS {"tag": "M_valid_gap21", "iter": 1101, "total": 1800, "metrics": {"train-rmse": 0.0821002662806783, "valid-rmse": 0.09294276712434582}}
PROGRESS {"tag": "M_valid_gap21", "iter": 1151, "total": 1800, "metrics": {"train-rmse": 0.08165749797141518, "valid-rmse": 0.09290586911022856}}
PROGRESS {"tag": "M_valid_gap21", "iter": 1201, "total": 1800, "metrics": {"train-rmse": 0.0812317098020379, "valid-rmse": 0.09291600863555177}}
PROGRESS {"tag": "M_valid_gap21", "iter": 1251, "total": 1800, "metrics": {"train-rmse": 0.08080685244210713, "valid-rmse": 0.09294743978068606}}
PROGRESS {"tag": "M_valid_gap21", "iter": 1301, "total": 1800, "metrics": {"train-rmse": 0.0803950114880894, "valid-rmse": 0.09287687726541659}}
PROGRESS {"tag": "M_valid_gap21", "iter": 1351, "total": 1800, "metrics": {"train-rmse": 0.08000302379830503, "valid-rmse": 0.09290997595001943}}
PROGRESS {"tag": "M_valid_gap21", "iter": 1401, "total": 1800, "metrics": {"train-rmse": 0.07963111939666627, "valid-rmse": 0.0929058652357882}}
PROGRESS {"tag": "M_valid_gap21", "iter": 1451, "total": 1800, "metrics": {"train-rmse": 0.07928155386474406, "valid-rmse": 0.09289269271420243}}
PROGRESS {"tag": "M_valid_gap21", "iter": 1501, "total": 1800, "metrics": {"train-rmse": 0.07892631247026824, "valid-rmse": 0.09294224078896819}}
PROGRESS {"tag": "M_valid_gap21", "iter": 1551, "total": 1800, "metrics": {"train-rmse": 0.07858916290645289, "valid-rmse": 0.09293639381616112}}
PROGRESS {"tag": "M_valid_gap21", "iter": 1601, "total": 1800, "metrics": {"train-rmse": 0.07827504610411008, "valid-rmse": 0.09295928365766992}}
PROGRESS {"tag": "M_valid_gap21", "iter": 1651, "total": 1800, "metrics": {"train-rmse": 0.07794714657953998, "valid-rmse": 0.09291229987120564}}
PROGRESS {"tag": "M_valid_gap21", "iter": 1701, "total": 1800, "metrics": {"train-rmse": 0.0776314301274354, "valid-rmse": 0.09298722530012232}}
PROGRESS {"tag": "M_valid_gap21", "iter": 1751, "total": 1800, "metrics": {"train-rmse": 0.077327809715375, "valid-rmse": 0.0929915773565894}}
PROGRESS {"tag": "M_valid_gap21", "iter": 1800, "total": 1800, "metrics": {"train-rmse": 0.07705031042536109, "valid-rmse": 0.0929095010067802}}
DONE {"tag": "M_valid_gap21", "best_iteration": 1799, "best_score": NaN, "seconds": 355.7}
WORKER_DONE {"device": "cuda:1", "jobs": 1}
PROGRESS {"tag": "C_final_seed44", "iter": 1, "total": 1113, "metrics": {"train-rmse": 0.41416495603548464}}
PROGRESS {"tag": "C_final_seed44", "iter": 26, "total": 1113, "metrics": {"train-rmse": 0.2698205588485902}}
PROGRESS {"tag": "C_final_seed44", "iter": 51, "total": 1113, "metrics": {"train-rmse": 0.18765394593539544}}
PROGRESS {"tag": "C_final_seed44", "iter": 76, "total": 1113, "metrics": {"train-rmse": 0.14322633831546133}}
PROGRESS {"tag": "C_final_seed44", "iter": 101, "total": 1113, "metrics": {"train-rmse": 0.12003518991773651}}
PROGRESS {"tag": "C_final_seed44", "iter": 126, "total": 1113, "metrics": {"train-rmse": 0.10800320351403271}}
PROGRESS {"tag": "C_final_seed44", "iter": 151, "total": 1113, "metrics": {"train-rmse": 0.10132873070685926}}
PROGRESS {"tag": "C_final_seed44", "iter": 176, "total": 1113, "metrics": {"train-rmse": 0.0970566325989251}}
PROGRESS {"tag": "C_final_seed44", "iter": 201, "total": 1113, "metrics": {"train-rmse": 0.09407045095353894}}
PROGRESS {"tag": "C_final_seed44", "iter": 226, "total": 1113, "metrics": {"train-rmse": 0.09163078272526075}}
PROGRESS {"tag": "C_final_seed44", "iter": 251, "total": 1113, "metrics": {"train-rmse": 0.0896210784480153}}
PROGRESS {"tag": "C_final_seed44", "iter": 276, "total": 1113, "metrics": {"train-rmse": 0.08791506951083022}}
PROGRESS {"tag": "C_final_seed44", "iter": 301, "total": 1113, "metrics": {"train-rmse": 0.0864389712899508}}
PROGRESS {"tag": "C_final_seed44", "iter": 326, "total": 1113, "metrics": {"train-rmse": 0.08518938225007704}}
PROGRESS {"tag": "C_final_seed44", "iter": 351, "total": 1113, "metrics": {"train-rmse": 0.0840317959746403}}
PROGRESS {"tag": "C_final_seed44", "iter": 376, "total": 1113, "metrics": {"train-rmse": 0.08296156099619238}}
PROGRESS {"tag": "C_final_seed44", "iter": 401, "total": 1113, "metrics": {"train-rmse": 0.08199430759455266}}
PROGRESS {"tag": "C_final_seed44", "iter": 426, "total": 1113, "metrics": {"train-rmse": 0.08121542030711675}}
PROGRESS {"tag": "C_final_seed44", "iter": 451, "total": 1113, "metrics": {"train-rmse": 0.08042279989088923}}
PROGRESS {"tag": "C_final_seed44", "iter": 476, "total": 1113, "metrics": {"train-rmse": 0.07969694583108806}}
PROGRESS {"tag": "C_final_seed44", "iter": 501, "total": 1113, "metrics": {"train-rmse": 0.07901235589570309}}
PROGRESS {"tag": "C_final_seed44", "iter": 526, "total": 1113, "metrics": {"train-rmse": 0.07835828532728414}}
PROGRESS {"tag": "C_final_seed44", "iter": 551, "total": 1113, "metrics": {"train-rmse": 0.07782318154151897}}
PROGRESS {"tag": "C_final_seed44", "iter": 576, "total": 1113, "metrics": {"train-rmse": 0.07730679335341326}}
PROGRESS {"tag": "C_final_seed44", "iter": 601, "total": 1113, "metrics": {"train-rmse": 0.07685381146064549}}
PROGRESS {"tag": "C_final_seed44", "iter": 626, "total": 1113, "metrics": {"train-rmse": 0.07636562590355044}}
PROGRESS {"tag": "C_final_seed44", "iter": 651, "total": 1113, "metrics": {"train-rmse": 0.07587326841329983}}
PROGRESS {"tag": "C_final_seed44", "iter": 676, "total": 1113, "metrics": {"train-rmse": 0.075440597550737}}
PROGRESS {"tag": "C_final_seed44", "iter": 701, "total": 1113, "metrics": {"train-rmse": 0.075058848071619}}
PROGRESS {"tag": "C_final_seed44", "iter": 726, "total": 1113, "metrics": {"train-rmse": 0.07463053622908046}}
PROGRESS {"tag": "C_final_seed44", "iter": 751, "total": 1113, "metrics": {"train-rmse": 0.07426705741721801}}
PROGRESS {"tag": "C_final_seed44", "iter": 776, "total": 1113, "metrics": {"train-rmse": 0.0738895036762875}}
PROGRESS {"tag": "C_final_seed44", "iter": 801, "total": 1113, "metrics": {"train-rmse": 0.07356773411507773}}
PROGRESS {"tag": "C_final_seed44", "iter": 826, "total": 1113, "metrics": {"train-rmse": 0.07322604634036572}}
PROGRESS {"tag": "C_final_seed44", "iter": 851, "total": 1113, "metrics": {"train-rmse": 0.07291099965485037}}
PROGRESS {"tag": "C_final_seed44", "iter": 876, "total": 1113, "metrics": {"train-rmse": 0.0725524241473603}}
PROGRESS {"tag": "C_final_seed44", "iter": 901, "total": 1113, "metrics": {"train-rmse": 0.07221047691397321}}
PROGRESS {"tag": "C_final_seed44", "iter": 926, "total": 1113, "metrics": {"train-rmse": 0.07189926999016927}}
PROGRESS {"tag": "C_final_seed44", "iter": 951, "total": 1113, "metrics": {"train-rmse": 0.07156309273241844}}
PROGRESS {"tag": "C_final_seed44", "iter": 976, "total": 1113, "metrics": {"train-rmse": 0.07129615563756689}}
PROGRESS {"tag": "C_final_seed44", "iter": 1001, "total": 1113, "metrics": {"train-rmse": 0.07100203496260704}}
PROGRESS {"tag": "C_final_seed44", "iter": 1026, "total": 1113, "metrics": {"train-rmse": 0.07071003482384684}}
PROGRESS {"tag": "C_final_seed44", "iter": 1051, "total": 1113, "metrics": {"train-rmse": 0.07043256550503317}}
PROGRESS {"tag": "C_final_seed44", "iter": 1076, "total": 1113, "metrics": {"train-rmse": 0.07017408172025674}}
PROGRESS {"tag": "C_final_seed44", "iter": 1101, "total": 1113, "metrics": {"train-rmse": 0.06989680803406471}}
PROGRESS {"tag": "C_final_seed44", "iter": 1113, "total": 1113, "metrics": {"train-rmse": 0.06976758769930155}}
DONE {"tag": "C_final_seed44", "best_iteration": 1112, "best_score": NaN, "seconds": 71.7}
WORKER_DONE {"device": "cuda:1", "jobs": 1}
PROGRESS {"tag": "B_valid_seed43", "iter": 1, "total": 1012, "metrics": {"train-rmse": 0.41616091275038114, "valid-rmse": 0.39599065061545774}}
PROGRESS {"tag": "B_valid_seed43", "iter": 26, "total": 1012, "metrics": {"train-rmse": 0.2710685530154185, "valid-rmse": 0.2548015372973663}}
PROGRESS {"tag": "B_valid_seed43", "iter": 51, "total": 1012, "metrics": {"train-rmse": 0.1884139652407331, "valid-rmse": 0.17643011097689892}}
PROGRESS {"tag": "B_valid_seed43", "iter": 76, "total": 1012, "metrics": {"train-rmse": 0.14372657870141897, "valid-rmse": 0.13557010482507362}}
PROGRESS {"tag": "B_valid_seed43", "iter": 101, "total": 1012, "metrics": {"train-rmse": 0.12053518547264486, "valid-rmse": 0.11521736008584797}}
PROGRESS {"tag": "B_valid_seed43", "iter": 126, "total": 1012, "metrics": {"train-rmse": 0.10842593713869582, "valid-rmse": 0.10534271888453148}}
PROGRESS {"tag": "B_valid_seed43", "iter": 151, "total": 1012, "metrics": {"train-rmse": 0.10178647983637178, "valid-rmse": 0.10046756852551286}}
PROGRESS {"tag": "B_valid_seed43", "iter": 176, "total": 1012, "metrics": {"train-rmse": 0.09744333685091447, "valid-rmse": 0.09804738051041556}}
PROGRESS {"tag": "B_valid_seed43", "iter": 201, "total": 1012, "metrics": {"train-rmse": 0.09443246463672829, "valid-rmse": 0.09652928321449482}}
PROGRESS {"tag": "B_valid_seed43", "iter": 226, "total": 1012, "metrics": {"train-rmse": 0.09194400419531486, "valid-rmse": 0.09554464871066064}}
PROGRESS {"tag": "B_valid_seed43", "iter": 251, "total": 1012, "metrics": {"train-rmse": 0.08994958321534309, "valid-rmse": 0.09494212937328873}}
PROGRESS {"tag": "B_valid_seed43", "iter": 276, "total": 1012, "metrics": {"train-rmse": 0.08825173217998575, "valid-rmse": 0.09441445424776052}}
PROGRESS {"tag": "B_valid_seed43", "iter": 301, "total": 1012, "metrics": {"train-rmse": 0.08672226547795817, "valid-rmse": 0.09414519511187616}}
PROGRESS {"tag": "B_valid_seed43", "iter": 326, "total": 1012, "metrics": {"train-rmse": 0.08535618943313963, "valid-rmse": 0.09339467271635464}}
PROGRESS {"tag": "B_valid_seed43", "iter": 351, "total": 1012, "metrics": {"train-rmse": 0.08430373677146438, "valid-rmse": 0.09313328331455334}}
PROGRESS {"tag": "B_valid_seed43", "iter": 376, "total": 1012, "metrics": {"train-rmse": 0.08328368868752374, "valid-rmse": 0.09296977297059202}}
PROGRESS {"tag": "B_valid_seed43", "iter": 401, "total": 1012, "metrics": {"train-rmse": 0.08239678532611963, "valid-rmse": 0.09275378170411695}}
PROGRESS {"tag": "B_valid_seed43", "iter": 426, "total": 1012, "metrics": {"train-rmse": 0.08160632826929205, "valid-rmse": 0.09270856698592557}}
PROGRESS {"tag": "B_valid_seed43", "iter": 451, "total": 1012, "metrics": {"train-rmse": 0.08076201133241095, "valid-rmse": 0.09241216221006623}}
PROGRESS {"tag": "B_valid_seed43", "iter": 476, "total": 1012, "metrics": {"train-rmse": 0.07992557450421264, "valid-rmse": 0.09243759704900571}}
PROGRESS {"tag": "B_valid_seed43", "iter": 501, "total": 1012, "metrics": {"train-rmse": 0.07925143998131806, "valid-rmse": 0.09248535160109135}}
PROGRESS {"tag": "B_valid_seed43", "iter": 526, "total": 1012, "metrics": {"train-rmse": 0.07860956875275052, "valid-rmse": 0.09246946986234729}}
PROGRESS {"tag": "B_valid_seed43", "iter": 551, "total": 1012, "metrics": {"train-rmse": 0.078057464378713, "valid-rmse": 0.09245467455300851}}
PROGRESS {"tag": "B_valid_seed43", "iter": 576, "total": 1012, "metrics": {"train-rmse": 0.07748678698796213, "valid-rmse": 0.09240477012750258}}
PROGRESS {"tag": "B_valid_seed43", "iter": 601, "total": 1012, "metrics": {"train-rmse": 0.07694496419112579, "valid-rmse": 0.09232576710379656}}
PROGRESS {"tag": "B_valid_seed43", "iter": 626, "total": 1012, "metrics": {"train-rmse": 0.07644798682338973, "valid-rmse": 0.0923028914174408}}
PROGRESS {"tag": "B_valid_seed43", "iter": 651, "total": 1012, "metrics": {"train-rmse": 0.0760317061083671, "valid-rmse": 0.0922812761494297}}
PROGRESS {"tag": "B_valid_seed43", "iter": 676, "total": 1012, "metrics": {"train-rmse": 0.07559367706813025, "valid-rmse": 0.09232548681971202}}
PROGRESS {"tag": "B_valid_seed43", "iter": 701, "total": 1012, "metrics": {"train-rmse": 0.07523400574151863, "valid-rmse": 0.09232680699663415}}
PROGRESS {"tag": "B_valid_seed43", "iter": 726, "total": 1012, "metrics": {"train-rmse": 0.0748646853119102, "valid-rmse": 0.09226255510154087}}
PROGRESS {"tag": "B_valid_seed43", "iter": 751, "total": 1012, "metrics": {"train-rmse": 0.0744600421366741, "valid-rmse": 0.09217657181181028}}
PROGRESS {"tag": "B_valid_seed43", "iter": 776, "total": 1012, "metrics": {"train-rmse": 0.0740512604657295, "valid-rmse": 0.09209743169966902}}
PROGRESS {"tag": "B_valid_seed43", "iter": 801, "total": 1012, "metrics": {"train-rmse": 0.0737119084116173, "valid-rmse": 0.09202131416643469}}
PROGRESS {"tag": "B_valid_seed43", "iter": 826, "total": 1012, "metrics": {"train-rmse": 0.07331632781680467, "valid-rmse": 0.09201464726627245}}
PROGRESS {"tag": "B_valid_seed43", "iter": 851, "total": 1012, "metrics": {"train-rmse": 0.07296491512701452, "valid-rmse": 0.09204466405226873}}
PROGRESS {"tag": "B_valid_seed43", "iter": 876, "total": 1012, "metrics": {"train-rmse": 0.07263718543751134, "valid-rmse": 0.09207156224265008}}
PROGRESS {"tag": "B_valid_seed43", "iter": 901, "total": 1012, "metrics": {"train-rmse": 0.07230979697041728, "valid-rmse": 0.09202257149367156}}
PROGRESS {"tag": "B_valid_seed43", "iter": 926, "total": 1012, "metrics": {"train-rmse": 0.0720143251461183, "valid-rmse": 0.0919945806091669}}
PROGRESS {"tag": "B_valid_seed43", "iter": 951, "total": 1012, "metrics": {"train-rmse": 0.0717190983306605, "valid-rmse": 0.09199681893842733}}
PROGRESS {"tag": "B_valid_seed43", "iter": 976, "total": 1012, "metrics": {"train-rmse": 0.07137605379770559, "valid-rmse": 0.09206338557537204}}
PROGRESS {"tag": "B_valid_seed43", "iter": 1001, "total": 1012, "metrics": {"train-rmse": 0.07107720358175595, "valid-rmse": 0.0921164817360528}}
PROGRESS {"tag": "B_valid_seed43", "iter": 1012, "total": 1012, "metrics": {"train-rmse": 0.07094712212113814, "valid-rmse": 0.09211691323200391}}
DONE {"tag": "B_valid_seed43", "best_iteration": 1011, "best_score": NaN, "seconds": 65.1}
WORKER_DONE {"device": "cuda:1", "jobs": 1}
PROGRESS {"tag": "M_valid_gap7", "iter": 1, "total": 1420, "metrics": {"train-rmse": 0.28820322699204703, "valid-rmse": 0.25971472769118054}}
PROGRESS {"tag": "M_valid_gap7", "iter": 51, "total": 1420, "metrics": {"train-rmse": 0.11978738619090876, "valid-rmse": 0.10001102285987412}}
PROGRESS {"tag": "M_valid_gap7", "iter": 101, "total": 1420, "metrics": {"train-rmse": 0.10823594955128026, "valid-rmse": 0.09543266306884944}}
PROGRESS {"tag": "M_valid_gap7", "iter": 151, "total": 1420, "metrics": {"train-rmse": 0.10170928076513427, "valid-rmse": 0.09384169822070575}}
PROGRESS {"tag": "M_valid_gap7", "iter": 201, "total": 1420, "metrics": {"train-rmse": 0.09787273660808539, "valid-rmse": 0.09288116107333833}}
PROGRESS {"tag": "M_valid_gap7", "iter": 251, "total": 1420, "metrics": {"train-rmse": 0.09540259913410329, "valid-rmse": 0.09235796622275376}}
PROGRESS {"tag": "M_valid_gap7", "iter": 301, "total": 1420, "metrics": {"train-rmse": 0.09353444059105323, "valid-rmse": 0.09204314168097592}}
PROGRESS {"tag": "M_valid_gap7", "iter": 351, "total": 1420, "metrics": {"train-rmse": 0.09196820643270388, "valid-rmse": 0.0918673050658944}}
PROGRESS {"tag": "M_valid_gap7", "iter": 401, "total": 1420, "metrics": {"train-rmse": 0.09060777366230262, "valid-rmse": 0.09156516434573256}}
PROGRESS {"tag": "M_valid_gap7", "iter": 451, "total": 1420, "metrics": {"train-rmse": 0.08954201303338116, "valid-rmse": 0.09127947791287168}}
PROGRESS {"tag": "M_valid_gap7", "iter": 501, "total": 1420, "metrics": {"train-rmse": 0.0885713646963821, "valid-rmse": 0.09097186020172263}}
PROGRESS {"tag": "M_valid_gap7", "iter": 551, "total": 1420, "metrics": {"train-rmse": 0.08767935648424555, "valid-rmse": 0.09091577744691198}}
PROGRESS {"tag": "M_valid_gap7", "iter": 601, "total": 1420, "metrics": {"train-rmse": 0.08688662814799553, "valid-rmse": 0.09065435974079451}}
PROGRESS {"tag": "M_valid_gap7", "iter": 651, "total": 1420, "metrics": {"train-rmse": 0.08613499299005353, "valid-rmse": 0.09060900803772469}}
PROGRESS {"tag": "M_valid_gap7", "iter": 701, "total": 1420, "metrics": {"train-rmse": 0.08541521576644835, "valid-rmse": 0.09047615120782515}}
PROGRESS {"tag": "M_valid_gap7", "iter": 751, "total": 1420, "metrics": {"train-rmse": 0.08481539790704179, "valid-rmse": 0.09043730882997239}}
PROGRESS {"tag": "M_valid_gap7", "iter": 801, "total": 1420, "metrics": {"train-rmse": 0.08424818631904026, "valid-rmse": 0.09038828249338078}}
PROGRESS {"tag": "M_valid_gap7", "iter": 851, "total": 1420, "metrics": {"train-rmse": 0.08371998500993127, "valid-rmse": 0.0903042143880787}}
PROGRESS {"tag": "M_valid_gap7", "iter": 901, "total": 1420, "metrics": {"train-rmse": 0.08318851135881099, "valid-rmse": 0.0903999632143512}}
PROGRESS {"tag": "M_valid_gap7", "iter": 951, "total": 1420, "metrics": {"train-rmse": 0.08269691428268065, "valid-rmse": 0.09032237947583645}}
PROGRESS {"tag": "M_valid_gap7", "iter": 1001, "total": 1420, "metrics": {"train-rmse": 0.08224101228390274, "valid-rmse": 0.09028201675663686}}
PROGRESS {"tag": "M_valid_gap7", "iter": 1051, "total": 1420, "metrics": {"train-rmse": 0.0817655278710894, "valid-rmse": 0.09026407962638511}}
PROGRESS {"tag": "M_valid_gap7", "iter": 1101, "total": 1420, "metrics": {"train-rmse": 0.08132387868129488, "valid-rmse": 0.09023191205448051}}
PROGRESS {"tag": "M_valid_gap7", "iter": 1151, "total": 1420, "metrics": {"train-rmse": 0.08092681290256704, "valid-rmse": 0.09016375720513431}}
PROGRESS {"tag": "M_valid_gap7", "iter": 1201, "total": 1420, "metrics": {"train-rmse": 0.08055786111572166, "valid-rmse": 0.09014468611733652}}
PROGRESS {"tag": "M_valid_gap7", "iter": 1251, "total": 1420, "metrics": {"train-rmse": 0.08016112939068759, "valid-rmse": 0.0901820740726084}}
PROGRESS {"tag": "M_valid_gap7", "iter": 1301, "total": 1420, "metrics": {"train-rmse": 0.07979185409728064, "valid-rmse": 0.09016229579769337}}
PROGRESS {"tag": "M_valid_gap7", "iter": 1351, "total": 1420, "metrics": {"train-rmse": 0.07943575187086958, "valid-rmse": 0.09012475807428494}}
PROGRESS {"tag": "M_valid_gap7", "iter": 1401, "total": 1420, "metrics": {"train-rmse": 0.07907566857219644, "valid-rmse": 0.09005928351820873}}
PROGRESS {"tag": "M_valid_gap7", "iter": 1420, "total": 1420, "metrics": {"train-rmse": 0.07894161805712312, "valid-rmse": 0.0900158203485177}}
DONE {"tag": "M_valid_gap7", "best_iteration": 1419, "best_score": NaN, "seconds": 277.5}
WORKER_DONE {"device": "cuda:1", "jobs": 1}
PROGRESS {"tag": "B_valid_seed44", "iter": 1, "total": 1012, "metrics": {"train-rmse": 0.41619505545889374, "valid-rmse": 0.3960008222889864}}
PROGRESS {"tag": "B_valid_seed44", "iter": 26, "total": 1012, "metrics": {"train-rmse": 0.27095343437301755, "valid-rmse": 0.25543494979774445}}
PROGRESS {"tag": "B_valid_seed44", "iter": 51, "total": 1012, "metrics": {"train-rmse": 0.18830477806923251, "valid-rmse": 0.17722990790670032}}
PROGRESS {"tag": "B_valid_seed44", "iter": 76, "total": 1012, "metrics": {"train-rmse": 0.1437123406758358, "valid-rmse": 0.1367266316679824}}
PROGRESS {"tag": "B_valid_seed44", "iter": 101, "total": 1012, "metrics": {"train-rmse": 0.12047153460203987, "valid-rmse": 0.11614672458922837}}
PROGRESS {"tag": "B_valid_seed44", "iter": 126, "total": 1012, "metrics": {"train-rmse": 0.10838314818816609, "valid-rmse": 0.1061483712022106}}
PROGRESS {"tag": "B_valid_seed44", "iter": 151, "total": 1012, "metrics": {"train-rmse": 0.1016501847480377, "valid-rmse": 0.101320915958243}}
PROGRESS {"tag": "B_valid_seed44", "iter": 176, "total": 1012, "metrics": {"train-rmse": 0.09739574277777552, "valid-rmse": 0.09859548448378172}}
PROGRESS {"tag": "B_valid_seed44", "iter": 201, "total": 1012, "metrics": {"train-rmse": 0.09439327896173218, "valid-rmse": 0.09715005786409436}}
PROGRESS {"tag": "B_valid_seed44", "iter": 226, "total": 1012, "metrics": {"train-rmse": 0.09196731068010411, "valid-rmse": 0.09590847722299531}}
PROGRESS {"tag": "B_valid_seed44", "iter": 251, "total": 1012, "metrics": {"train-rmse": 0.08997545931357122, "valid-rmse": 0.0951495589366992}}
PROGRESS {"tag": "B_valid_seed44", "iter": 276, "total": 1012, "metrics": {"train-rmse": 0.08823109543634443, "valid-rmse": 0.09449095349384941}}
PROGRESS {"tag": "B_valid_seed44", "iter": 301, "total": 1012, "metrics": {"train-rmse": 0.0867389578966945, "valid-rmse": 0.0940324849632133}}
PROGRESS {"tag": "B_valid_seed44", "iter": 326, "total": 1012, "metrics": {"train-rmse": 0.08544995762354309, "valid-rmse": 0.09355072664556202}}
PROGRESS {"tag": "B_valid_seed44", "iter": 351, "total": 1012, "metrics": {"train-rmse": 0.08432928373166455, "valid-rmse": 0.0932848758488884}}
PROGRESS {"tag": "B_valid_seed44", "iter": 376, "total": 1012, "metrics": {"train-rmse": 0.08330303208168753, "valid-rmse": 0.09297875431078258}}
PROGRESS {"tag": "B_valid_seed44", "iter": 401, "total": 1012, "metrics": {"train-rmse": 0.08232880118201984, "valid-rmse": 0.09275655300463437}}
PROGRESS {"tag": "B_valid_seed44", "iter": 426, "total": 1012, "metrics": {"train-rmse": 0.08144739119382002, "valid-rmse": 0.09252551431844687}}
PROGRESS {"tag": "B_valid_seed44", "iter": 451, "total": 1012, "metrics": {"train-rmse": 0.08064961070198073, "valid-rmse": 0.0924934255133934}}
PROGRESS {"tag": "B_valid_seed44", "iter": 476, "total": 1012, "metrics": {"train-rmse": 0.07988140597323135, "valid-rmse": 0.09241941682255898}}
PROGRESS {"tag": "B_valid_seed44", "iter": 501, "total": 1012, "metrics": {"train-rmse": 0.07921445994690443, "valid-rmse": 0.09227961673773298}}
PROGRESS {"tag": "B_valid_seed44", "iter": 526, "total": 1012, "metrics": {"train-rmse": 0.07859802068497991, "valid-rmse": 0.09224157890873123}}
PROGRESS {"tag": "B_valid_seed44", "iter": 551, "total": 1012, "metrics": {"train-rmse": 0.07808473002636206, "valid-rmse": 0.09223315341810732}}
PROGRESS {"tag": "B_valid_seed44", "iter": 576, "total": 1012, "metrics": {"train-rmse": 0.07750976921478406, "valid-rmse": 0.0922025620044051}}
PROGRESS {"tag": "B_valid_seed44", "iter": 601, "total": 1012, "metrics": {"train-rmse": 0.07697382973743112, "valid-rmse": 0.09214066257658447}}
PROGRESS {"tag": "B_valid_seed44", "iter": 626, "total": 1012, "metrics": {"train-rmse": 0.07649912343766685, "valid-rmse": 0.09215090659601988}}
PROGRESS {"tag": "B_valid_seed44", "iter": 651, "total": 1012, "metrics": {"train-rmse": 0.07608599756934269, "valid-rmse": 0.09222983158071917}}
PROGRESS {"tag": "B_valid_seed44", "iter": 676, "total": 1012, "metrics": {"train-rmse": 0.0755901352653504, "valid-rmse": 0.09221549132531445}}
PROGRESS {"tag": "B_valid_seed44", "iter": 701, "total": 1012, "metrics": {"train-rmse": 0.07514487082458643, "valid-rmse": 0.09215700476901413}}
PROGRESS {"tag": "B_valid_seed44", "iter": 726, "total": 1012, "metrics": {"train-rmse": 0.07467978791080332, "valid-rmse": 0.09200089027705476}}
PROGRESS {"tag": "B_valid_seed44", "iter": 751, "total": 1012, "metrics": {"train-rmse": 0.07434534425837741, "valid-rmse": 0.09173047660165273}}
PROGRESS {"tag": "B_valid_seed44", "iter": 776, "total": 1012, "metrics": {"train-rmse": 0.07394779383468218, "valid-rmse": 0.09176976704622793}}
PROGRESS {"tag": "B_valid_seed44", "iter": 801, "total": 1012, "metrics": {"train-rmse": 0.07360566970163786, "valid-rmse": 0.09182100490143218}}
PROGRESS {"tag": "B_valid_seed44", "iter": 826, "total": 1012, "metrics": {"train-rmse": 0.07327653077811713, "valid-rmse": 0.09183894915036143}}
PROGRESS {"tag": "B_valid_seed44", "iter": 851, "total": 1012, "metrics": {"train-rmse": 0.07291027957200907, "valid-rmse": 0.09179026399222685}}
PROGRESS {"tag": "B_valid_seed44", "iter": 876, "total": 1012, "metrics": {"train-rmse": 0.07258147182946711, "valid-rmse": 0.09179500522245025}}
PROGRESS {"tag": "B_valid_seed44", "iter": 901, "total": 1012, "metrics": {"train-rmse": 0.07226833963642593, "valid-rmse": 0.0917934506715202}}
PROGRESS {"tag": "B_valid_seed44", "iter": 926, "total": 1012, "metrics": {"train-rmse": 0.07196102181505012, "valid-rmse": 0.09173589651062913}}
PROGRESS {"tag": "B_valid_seed44", "iter": 951, "total": 1012, "metrics": {"train-rmse": 0.07162893734075425, "valid-rmse": 0.09175080022263891}}
PROGRESS {"tag": "B_valid_seed44", "iter": 976, "total": 1012, "metrics": {"train-rmse": 0.07130835529341871, "valid-rmse": 0.09176472986962103}}
PROGRESS {"tag": "B_valid_seed44", "iter": 1001, "total": 1012, "metrics": {"train-rmse": 0.07098296259022044, "valid-rmse": 0.09168360203133814}}
PROGRESS {"tag": "B_valid_seed44", "iter": 1012, "total": 1012, "metrics": {"train-rmse": 0.07086457152624906, "valid-rmse": 0.09170552020819962}}
DONE {"tag": "B_valid_seed44", "best_iteration": 1011, "best_score": NaN, "seconds": 61.1}
WORKER_DONE {"device": "cuda:1", "jobs": 1}
